Archive member included to satisfy reference by file (symbol)

c:/ac6/systemworkbench/plugins/fr.ac6.mcu.externaltools.arm-none.win32_1.15.0.201708311556/tools/compiler/bin/../lib/gcc/arm-none-eabi/6.3.1/../../../../arm-none-eabi/lib/thumb/v7e-m/fpv4-sp/hard\libc_nano.a(lib_a-exit.o)
                              c:/ac6/systemworkbench/plugins/fr.ac6.mcu.externaltools.arm-none.win32_1.15.0.201708311556/tools/compiler/bin/../lib/gcc/arm-none-eabi/6.3.1/../../../../arm-none-eabi/lib/thumb/v7e-m/fpv4-sp/hard/crt0.o (exit)
c:/ac6/systemworkbench/plugins/fr.ac6.mcu.externaltools.arm-none.win32_1.15.0.201708311556/tools/compiler/bin/../lib/gcc/arm-none-eabi/6.3.1/../../../../arm-none-eabi/lib/thumb/v7e-m/fpv4-sp/hard\libc_nano.a(lib_a-impure.o)
                              c:/ac6/systemworkbench/plugins/fr.ac6.mcu.externaltools.arm-none.win32_1.15.0.201708311556/tools/compiler/bin/../lib/gcc/arm-none-eabi/6.3.1/../../../../arm-none-eabi/lib/thumb/v7e-m/fpv4-sp/hard\libc_nano.a(lib_a-exit.o) (_global_impure_ptr)
c:/ac6/systemworkbench/plugins/fr.ac6.mcu.externaltools.arm-none.win32_1.15.0.201708311556/tools/compiler/bin/../lib/gcc/arm-none-eabi/6.3.1/../../../../arm-none-eabi/lib/thumb/v7e-m/fpv4-sp/hard\libc_nano.a(lib_a-init.o)
                              c:/ac6/systemworkbench/plugins/fr.ac6.mcu.externaltools.arm-none.win32_1.15.0.201708311556/tools/compiler/bin/../lib/gcc/arm-none-eabi/6.3.1/../../../../arm-none-eabi/lib/thumb/v7e-m/fpv4-sp/hard/crt0.o (__libc_init_array)
c:/ac6/systemworkbench/plugins/fr.ac6.mcu.externaltools.arm-none.win32_1.15.0.201708311556/tools/compiler/bin/../lib/gcc/arm-none-eabi/6.3.1/../../../../arm-none-eabi/lib/thumb/v7e-m/fpv4-sp/hard\libc_nano.a(lib_a-memcpy-stub.o)
                              Drivers/BSP/X-NUCLEO-53L0A1/X-NUCLEO-53L0A1.o (memcpy)
c:/ac6/systemworkbench/plugins/fr.ac6.mcu.externaltools.arm-none.win32_1.15.0.201708311556/tools/compiler/bin/../lib/gcc/arm-none-eabi/6.3.1/../../../../arm-none-eabi/lib/thumb/v7e-m/fpv4-sp/hard\libc_nano.a(lib_a-memset.o)
                              c:/ac6/systemworkbench/plugins/fr.ac6.mcu.externaltools.arm-none.win32_1.15.0.201708311556/tools/compiler/bin/../lib/gcc/arm-none-eabi/6.3.1/../../../../arm-none-eabi/lib/thumb/v7e-m/fpv4-sp/hard/crt0.o (memset)
c:/ac6/systemworkbench/plugins/fr.ac6.mcu.externaltools.arm-none.win32_1.15.0.201708311556/tools/compiler/bin/../lib/gcc/arm-none-eabi/6.3.1/../../../../arm-none-eabi/lib/thumb/v7e-m/fpv4-sp/hard\libc_nano.a(lib_a-sprintf.o)
                              Application/User/main.o (sprintf)
c:/ac6/systemworkbench/plugins/fr.ac6.mcu.externaltools.arm-none.win32_1.15.0.201708311556/tools/compiler/bin/../lib/gcc/arm-none-eabi/6.3.1/../../../../arm-none-eabi/lib/thumb/v7e-m/fpv4-sp/hard\libc_nano.a(lib_a-strcpy.o)
                              Drivers/BSP/vl53l0x/vl53l0x_api_core.o (strcpy)
c:/ac6/systemworkbench/plugins/fr.ac6.mcu.externaltools.arm-none.win32_1.15.0.201708311556/tools/compiler/bin/../lib/gcc/arm-none-eabi/6.3.1/../../../../arm-none-eabi/lib/thumb/v7e-m/fpv4-sp/hard\libc_nano.a(lib_a-vsnprintf.o)
                              Drivers/BSP/X-NUCLEO-53L0A1/uart_trace.o (vsnprintf)
c:/ac6/systemworkbench/plugins/fr.ac6.mcu.externaltools.arm-none.win32_1.15.0.201708311556/tools/compiler/bin/../lib/gcc/arm-none-eabi/6.3.1/../../../../arm-none-eabi/lib/thumb/v7e-m/fpv4-sp/hard\libc_nano.a(lib_a-nano-svfprintf.o)
                              c:/ac6/systemworkbench/plugins/fr.ac6.mcu.externaltools.arm-none.win32_1.15.0.201708311556/tools/compiler/bin/../lib/gcc/arm-none-eabi/6.3.1/../../../../arm-none-eabi/lib/thumb/v7e-m/fpv4-sp/hard\libc_nano.a(lib_a-sprintf.o) (_svfprintf_r)
c:/ac6/systemworkbench/plugins/fr.ac6.mcu.externaltools.arm-none.win32_1.15.0.201708311556/tools/compiler/bin/../lib/gcc/arm-none-eabi/6.3.1/../../../../arm-none-eabi/lib/thumb/v7e-m/fpv4-sp/hard\libc_nano.a(lib_a-nano-vfprintf_i.o)
                              c:/ac6/systemworkbench/plugins/fr.ac6.mcu.externaltools.arm-none.win32_1.15.0.201708311556/tools/compiler/bin/../lib/gcc/arm-none-eabi/6.3.1/../../../../arm-none-eabi/lib/thumb/v7e-m/fpv4-sp/hard\libc_nano.a(lib_a-nano-svfprintf.o) (_printf_i)
c:/ac6/systemworkbench/plugins/fr.ac6.mcu.externaltools.arm-none.win32_1.15.0.201708311556/tools/compiler/bin/../lib/gcc/arm-none-eabi/6.3.1/../../../../arm-none-eabi/lib/thumb/v7e-m/fpv4-sp/hard\libc_nano.a(lib_a-memchr.o)
                              c:/ac6/systemworkbench/plugins/fr.ac6.mcu.externaltools.arm-none.win32_1.15.0.201708311556/tools/compiler/bin/../lib/gcc/arm-none-eabi/6.3.1/../../../../arm-none-eabi/lib/thumb/v7e-m/fpv4-sp/hard\libc_nano.a(lib_a-nano-svfprintf.o) (memchr)
c:/ac6/systemworkbench/plugins/fr.ac6.mcu.externaltools.arm-none.win32_1.15.0.201708311556/tools/compiler/bin/../lib/gcc/arm-none-eabi/6.3.1/../../../../arm-none-eabi/lib/thumb/v7e-m/fpv4-sp/hard\libc_nano.a(lib_a-memmove.o)
[...]
Memory Configuration

Name             Origin             Length             Attributes
FLASH            0x08000000         0x00080000         xr
RAM              0x20000000         0x00018000         xrw
*default*        0x00000000         0xffffffff

Linker script and memory map

LOAD c:/ac6/systemworkbench/plugins/fr.ac6.mcu.externaltools.arm-none.win32_1.15.0.201708311556/tools/compiler/bin/../lib/gcc/arm-none-eabi/6.3.1/thumb/v7e-m/fpv4-sp/hard/crti.o
LOAD c:/ac6/systemworkbench/plugins/fr.ac6.mcu.externaltools.arm-none.win32_1.15.0.201708311556/tools/compiler/bin/../lib/gcc/arm-none-eabi/6.3.1/thumb/v7e-m/fpv4-sp/hard/crtbegin.o
LOAD c:/ac6/systemworkbench/plugins/fr.ac6.mcu.externaltools.arm-none.win32_1.15.0.201708311556/tools/compiler/bin/../lib/gcc/arm-none-eabi/6.3.1/../../../../arm-none-eabi/lib/thumb/v7e-m/fpv4-sp/hard/crt0.o
LOAD Application/SW4STM32/startup_stm32f401xe.o
LOAD Application/User/main.o
LOAD Application/User/stm32f4xx_hal_msp.o
LOAD Application/User/stm32f4xx_it.o
LOAD Drivers/BSP/X-NUCLEO-53L0A1/X-NUCLEO-53L0A1.o
LOAD Drivers/BSP/X-NUCLEO-53L0A1/uart_trace.o
LOAD Drivers/BSP/X-NUCLEO-53L0A1/vl53l0a1-x4msp.o
LOAD Drivers/BSP/X-NUCLEO-53L0A1/vl53l0x_platform.o
LOAD Drivers/BSP/vl53l0x/vl53l0x_api.o
LOAD Drivers/BSP/vl53l0x/vl53l0x_api_calibration.o
LOAD Drivers/BSP/vl53l0x/vl53l0x_api_core.o
LOAD Drivers/BSP/vl53l0x/vl53l0x_api_ranging.o
LOAD Drivers/BSP/vl53l0x/vl53l0x_api_strings.o
LOAD Drivers/BSP/vl53l0x/vl53l0x_platform_log.o
LOAD Drivers/CMSIS/system_stm32f4xx.o
LOAD Drivers/STM32F4xx_HAL_Driver/stm32f4xx_hal.o
LOAD Drivers/STM32F4xx_HAL_Driver/stm32f4xx_hal_cortex.o
LOAD Drivers/STM32F4xx_HAL_Driver/stm32f4xx_hal_dma.o
LOAD Drivers/STM32F4xx_HAL_Driver/stm32f4xx_hal_dma_ex.o
LOAD Drivers/STM32F4xx_HAL_Driver/stm32f4xx_hal_flash.o
LOAD Drivers/STM32F4xx_HAL_Driver/stm32f4xx_hal_flash_ex.o
LOAD Drivers/STM32F4xx_HAL_Driver/stm32f4xx_hal_flash_ramfunc.o
LOAD Drivers/STM32F4xx_HAL_Driver/stm32f4xx_hal_gpio.o
LOAD Drivers/STM32F4xx_HAL_Driver/stm32f4xx_hal_i2c.o
LOAD Drivers/STM32F4xx_HAL_Driver/stm32f4xx_hal_pwr.o
LOAD Drivers/STM32F4xx_HAL_Driver/stm32f4xx_hal_pwr_ex.o
LOAD Drivers/STM32F4xx_HAL_Driver/stm32f4xx_hal_rcc.o
LOAD Drivers/STM32F4xx_HAL_Driver/stm32f4xx_hal_rcc_ex.o
LOAD Drivers/STM32F4xx_HAL_Driver/stm32f4xx_hal_tim.o
LOAD Drivers/STM32F4xx_HAL_Driver/stm32f4xx_hal_tim_ex.o
LOAD Drivers/STM32F4xx_HAL_Driver/stm32f4xx_hal_uart.o
LOAD c:/ac6/systemworkbench/plugins/fr.ac6.mcu.externaltools.arm-none.win32_1.15.0.201708311556/tools/compiler/bin/../lib/gcc/arm-none-eabi/6.3.1/../../../../arm-none-eabi/lib/thumb/v7e-m/fpv4-sp/hard\libm.a
START GROUP
LOAD c:/ac6/systemworkbench/plugins/fr.ac6.mcu.externaltools.arm-none.win32_1.15.0.201708311556/tools/compiler/bin/../lib/gcc/arm-none-eabi/6.3.1/thumb/v7e-m/fpv4-sp/hard\libgcc.a
LOAD c:/ac6/systemworkbench/plugins/fr.ac6.mcu.externaltools.arm-none.win32_1.15.0.201708311556/tools/compiler/bin/../lib/gcc/arm-none-eabi/6.3.1/../../../../arm-none-eabi/lib/thumb/v7e-m/fpv4-sp/hard\libc_nano.a
END GROUP
START GROUP
LOAD c:/ac6/systemworkbench/plugins/fr.ac6.mcu.externaltools.arm-none.win32_1.15.0.201708311556/tools/compiler/bin/../lib/gcc/arm-none-eabi/6.3.1/thumb/v7e-m/fpv4-sp/hard\libgcc.a
LOAD c:/ac6/systemworkbench/plugins/fr.ac6.mcu.externaltools.arm-none.win32_1.15.0.201708311556/tools/compiler/bin/../lib/gcc/arm-none-eabi/6.3.1/../../../../arm-none-eabi/lib/thumb/v7e-m/fpv4-sp/hard\libc_nano.a
LOAD c:/ac6/systemworkbench/plugins/fr.ac6.mcu.externaltools.arm-none.win32_1.15.0.201708311556/tools/compiler/bin/../lib/gcc/arm-none-eabi/6.3.1/../../../../arm-none-eabi/lib/thumb/v7e-m/fpv4-sp/hard\libnosys.a
END GROUP
START GROUP
LOAD c:/ac6/systemworkbench/plugins/fr.ac6.mcu.externaltools.arm-none.win32_1.15.0.201708311556/tools/compiler/bin/../lib/gcc/arm-none-eabi/6.3.1/thumb/v7e-m/fpv4-sp/hard\libgcc.a
LOAD c:/ac6/systemworkbench/plugins/fr.ac6.mcu.externaltools.arm-none.win32_1.15.0.201708311556/tools/compiler/bin/../lib/gcc/arm-none-eabi/6.3.1/../../../../arm-none-eabi/lib/thumb/v7e-m/fpv4-sp/hard\libc_nano.a
LOAD c:/ac6/systemworkbench/plugins/fr.ac6.mcu.externaltools.arm-none.win32_1.15.0.201708311556/tools/compiler/bin/../lib/gcc/arm-none-eabi/6.3.1/../../../../arm-none-eabi/lib/thumb/v7e-m/fpv4-sp/hard\libnosys.a
END GROUP
LOAD c:/ac6/systemworkbench/plugins/fr.ac6.mcu.externaltools.arm-none.win32_1.15.0.201708311556/tools/compiler/bin/../lib/gcc/arm-none-eabi/6.3.1/thumb/v7e-m/fpv4-sp/hard/crtend.o
LOAD c:/ac6/systemworkbench/plugins/fr.ac6.mcu.externaltools.arm-none.win32_1.15.0.201708311556/tools/compiler/bin/../lib/gcc/arm-none-eabi/6.3.1/thumb/v7e-m/fpv4-sp/hard/crtn.o
                0x20018000                _estack = 0x20018000
                0x00000200                _Min_Heap_Size = 0x200
                0x00000400                _Min_Stack_Size = 0x400

.isr_vector     0x08000000      0x194
                0x08000000                . = ALIGN (0x4)
 *(.isr_vector)
 .isr_vector    0x08000000      0x194 Application/SW4STM32/startup_stm32f401xe.o
                0x08000000                g_pfnVectors
                0x08000194                . = ALIGN (0x4)

.text           0x080001a0     0xb6d8
                0x080001a0                . = ALIGN (0x4)
 *(.text)
 .text          0x080001a0       0x6c c:/ac6/systemworkbench/plugins/fr.ac6.mcu.externaltools.arm-none.win32_1.15.0.201708311556/tools/compiler/bin/../lib/gcc/arm-none-eabi/6.3.1/thumb/v7e-m/fpv4-sp/hard/crtbegin.o
 *fill*         0x0800020c        0x4 
 .text          0x08000210       0xa0 c:/ac6/systemworkbench/plugins/fr.ac6.mcu.externaltools.arm-none.win32_1.15.0.201708311556/tools/compiler/bin/../lib/gcc/arm-none-eabi/6.3.1/../../../../arm-none-eabi/lib/thumb/v7e-m/fpv4-sp/hard\libc_nano.a(lib_a-memchr.o)
                0x08000210                memchr
 *(.text*)
 .text.Reset_Handler
                0x080002b0       0x50 Application/SW4STM32/startup_stm32f401xe.o
                0x080002b0                Reset_Handler
 .text.Default_Handler
                0x08000300        0x2 Application/SW4STM32/startup_stm32f401xe.o
                0x08000300                RTC_Alarm_IRQHandler
                0x08000300                EXTI2_IRQHandler
                0x08000300                DebugMon_Handler
                0x08000300                SPI4_IRQHandler
                0x08000300                TIM1_CC_IRQHandler
                0x08000300                DMA2_Stream5_IRQHandler
                0x08000300                HardFault_Handler
                0x08000300                DMA1_Stream5_IRQHandler
                0x08000300                PVD_IRQHandler
                0x08000300                SDIO_IRQHandler
                0x08000300                TAMP_STAMP_IRQHandler
                0x08000300                PendSV_Handler
                0x08000300                NMI_Handler
                0x08000300                EXTI3_IRQHandler
                0x08000300                TIM1_UP_TIM10_IRQHandler
                0x08000300                I2C3_ER_IRQHandler
                0x08000300                EXTI0_IRQHandler
                0x08000300                I2C2_EV_IRQHandler
                0x08000300                DMA1_Stream2_IRQHandler
                0x08000300                FPU_IRQHandler
                0x08000300                UsageFault_Handler
                0x08000300                DMA2_Stream2_IRQHandler
                0x08000300                SPI1_IRQHandler
                0x08000300                TIM1_BRK_TIM9_IRQHandler
                0x08000300                DMA2_Stream3_IRQHandler
                0x08000300                USART6_IRQHandler
                0x08000300                DMA2_Stream0_IRQHandler
                0x08000300                TIM4_IRQHandler
                0x08000300                I2C1_EV_IRQHandler
                0x08000300                DMA1_Stream1_IRQHandler
                0x08000300                TIM3_IRQHandler
                0x08000300                RCC_IRQHandler
                0x08000300                Default_Handler
                0x08000300                ADC_IRQHandler
                0x08000300                DMA1_Stream7_IRQHandler
                0x08000300                TIM5_IRQHandler
                0x08000300                DMA2_Stream7_IRQHandler
                0x08000300                I2C3_EV_IRQHandler
                0x08000300                RTC_WKUP_IRQHandler
                0x08000300                SPI2_IRQHandler
                0x08000300                MemManage_Handler
                0x08000300                DMA1_Stream0_IRQHandler
                0x08000300                SVC_Handler
                0x08000300                WWDG_IRQHandler
                0x08000300                TIM2_IRQHandler
                0x08000300                OTG_FS_WKUP_IRQHandler
                0x08000300                TIM1_TRG_COM_TIM11_IRQHandler
                0x08000300                EXTI1_IRQHandler
                0x08000300                I2C2_ER_IRQHandler
                0x08000300                DMA2_Stream1_IRQHandler
                0x08000300                FLASH_IRQHandler
                0x08000300                DMA2_Stream4_IRQHandler
                0x08000300                BusFault_Handler
                0x08000300                USART1_IRQHandler
                0x08000300                OTG_FS_IRQHandler
                0x08000300                SPI3_IRQHandler
                0x08000300                DMA1_Stream4_IRQHandler
                0x08000300                I2C1_ER_IRQHandler
                0x08000300                DMA2_Stream6_IRQHandler
                0x08000300                DMA1_Stream3_IRQHandler
 *fill*         0x08000302        0x2 
 .text.MX_TIM5_Init
                0x08000304       0x6c Application/User/main.o
                0x08000304                MX_TIM5_Init
 .text.TimeStamp_Init
                0x08000370        0xc Application/User/main.o
                0x08000370                TimeStamp_Init
 .text.TimeStamp_Reset
                0x0800037c       0x1c Application/User/main.o
                0x0800037c                TimeStamp_Reset
 .text.TimeStamp_Get
                0x08000398       0x18 Application/User/main.o
                0x08000398                TimeStamp_Get
 .text.BSP_GetPushButton
                0x080003b0       0x24 Application/User/main.o
                0x080003b0                BSP_GetPushButton
 .text.PusbButton_WaitUnPress
                0x080003d4       0x50 Application/User/main.o
                0x080003d4                PusbButton_WaitUnPress
 .text.HandleError
                0x08000424       0x28 Application/User/main.o
                0x08000424                HandleError
 .text.DetectSensors
                0x0800044c      0x22c Application/User/main.o
                0x0800044c                DetectSensors
 .text.SetupSingleShot
                0x08000678      0x2e8 Application/User/main.o
                0x08000678                SetupSingleShot
 .text.RangeToLetter
                0x08000960       0x5c Application/User/main.o
                0x08000960                RangeToLetter
 .text.Sensor_SetNewRange
                0x080009bc       0x74 Application/User/main.o
                0x080009bc                Sensor_SetNewRange
 .text.RangeDemo
                0x08000a30      0x290 Application/User/main.o
                0x08000a30                RangeDemo
 .text.ResetAndDetectSensor
                0x08000cc0       0x3c Application/User/main.o
                0x08000cc0                ResetAndDetectSensor
 .text.main     0x08000cfc       0xe8 Application/User/main.o
                0x08000cfc                main
 .text.SystemClock_Config
                0x08000de4       0xa4 Application/User/main.o
                0x08000de4                SystemClock_Config
 .text.MX_GPIO_Init
                0x08000e88       0xc4 Application/User/main.o
 .text.HAL_MspInit
                0x08000f4c       0x1a Application/User/stm32f4xx_hal_msp.o
                0x08000f4c                HAL_MspInit
 *fill*         0x08000f66        0x2 
 .text.HAL_TIM_OC_MspInit
                0x08000f68       0x6c Application/User/stm32f4xx_hal_msp.o
                0x08000f68                HAL_TIM_OC_MspInit
 .text.SysTick_Handler
                0x08000fd4       0x10 Application/User/stm32f4xx_it.o
                0x08000fd4                SysTick_Handler
 .text._I2cFailRecover
                0x08000fe4      0x144 Drivers/BSP/X-NUCLEO-53L0A1/X-NUCLEO-53L0A1.o
 .text.XNUCLEO53L0A1_I2C1Configure
                0x08001128       0xc4 Drivers/BSP/X-NUCLEO-53L0A1/X-NUCLEO-53L0A1.o
                0x08001128                XNUCLEO53L0A1_I2C1Configure
 .text.XNUCLEO53L0A1_Init
                0x080011ec      0x10c Drivers/BSP/X-NUCLEO-53L0A1/X-NUCLEO-53L0A1.o
                0x080011ec                XNUCLEO53L0A1_Init
 .text.XNUCLEO53L0A1_ResetId
                0x080012f8      0x110 Drivers/BSP/X-NUCLEO-53L0A1/X-NUCLEO-53L0A1.o
                0x080012f8                XNUCLEO53L0A1_ResetId
 .text._ExpandersSetAllIO
                0x08001408       0x40 Drivers/BSP/X-NUCLEO-53L0A1/X-NUCLEO-53L0A1.o
 .text._ExpanderRd
                0x08001448       0x64 Drivers/BSP/X-NUCLEO-53L0A1/X-NUCLEO-53L0A1.o
 .text._ExpanderWR
                0x080014ac       0x54 Drivers/BSP/X-NUCLEO-53L0A1/X-NUCLEO-53L0A1.o
 .text.XNUCLEO53L0A1_SetDisplayString
                0x08001500       0xd0 Drivers/BSP/X-NUCLEO-53L0A1/X-NUCLEO-53L0A1.o
                0x08001500                XNUCLEO53L0A1_SetDisplayString
 .text.HAL_UART_TxCpltCallback
                0x080015d0       0x20 Drivers/BSP/X-NUCLEO-53L0A1/uart_trace.o
                0x080015d0                HAL_UART_TxCpltCallback
 .text.uart_vprintf
                0x080015f0       0x74 Drivers/BSP/X-NUCLEO-53L0A1/uart_trace.o
                0x080015f0                uart_vprintf
 .text.uart_printf
                0x08001664       0x38 Drivers/BSP/X-NUCLEO-53L0A1/uart_trace.o
                0x08001664                uart_printf
 .text.VL53L0A1_EXTI_Callback
                0x0800169c       0x16 Drivers/BSP/X-NUCLEO-53L0A1/vl53l0a1-x4msp.o
                0x0800169c                VL53L0A1_EXTI_Callback
 *fill*         0x080016b2        0x2 
 .text.DMA1_Stream6_IRQHandler
                0x080016b4       0x14 Drivers/BSP/X-NUCLEO-53L0A1/vl53l0a1-x4msp.o
                0x080016b4                DMA1_Stream6_IRQHandler
 .text.XNUCLEO53L0A1_DMA_Init
                0x080016c8       0x40 Drivers/BSP/X-NUCLEO-53L0A1/vl53l0a1-x4msp.o
 .text.XNUCLEO53L0A1_USART2_UART_Init
                0x08001708       0x4c Drivers/BSP/X-NUCLEO-53L0A1/vl53l0a1-x4msp.o
                0x08001708                XNUCLEO53L0A1_USART2_UART_Init
 .text.HAL_UART_MspInit
                0x08001754       0xcc Drivers/BSP/X-NUCLEO-53L0A1/vl53l0a1-x4msp.o
                0x08001754                HAL_UART_MspInit
 .text.USART2_IRQHandler
                0x08001820       0x14 Drivers/BSP/X-NUCLEO-53L0A1/vl53l0a1-x4msp.o
                0x08001820                USART2_IRQHandler
 .text.HAL_GPIO_EXTI_Callback
                0x08001834       0x48 Drivers/BSP/X-NUCLEO-53L0A1/vl53l0a1-x4msp.o
                0x08001834                HAL_GPIO_EXTI_Callback
 .text.EXTI4_IRQHandler
                0x0800187c        0xe Drivers/BSP/X-NUCLEO-53L0A1/vl53l0a1-x4msp.o
                0x0800187c                EXTI4_IRQHandler
 .text.EXTI9_5_IRQHandler
                0x0800188a        0xe Drivers/BSP/X-NUCLEO-53L0A1/vl53l0a1-x4msp.o
                0x0800188a                EXTI9_5_IRQHandler
 .text.EXTI15_10_IRQHandler
                0x08001898       0x10 Drivers/BSP/X-NUCLEO-53L0A1/vl53l0a1-x4msp.o
                0x08001898                EXTI15_10_IRQHandler
 .text._I2CWrite
                0x080018a8       0x3e Drivers/BSP/X-NUCLEO-53L0A1/vl53l0x_platform.o
                0x080018a8                _I2CWrite
 .text._I2CRead
                0x080018e6       0x44 Drivers/BSP/X-NUCLEO-53L0A1/vl53l0x_platform.o
                0x080018e6                _I2CRead
 *fill*         0x0800192a        0x2 
 .text.VL53L0X_WriteMulti
                0x0800192c       0x60 Drivers/BSP/X-NUCLEO-53L0A1/vl53l0x_platform.o
                0x0800192c                VL53L0X_WriteMulti
 .text.VL53L0X_ReadMulti
                0x0800198c       0x52 Drivers/BSP/X-NUCLEO-53L0A1/vl53l0x_platform.o
                0x0800198c                VL53L0X_ReadMulti
 *fill*         0x080019de        0x2 
 .text.VL53L0X_WrByte
                0x080019e0       0x48 Drivers/BSP/X-NUCLEO-53L0A1/vl53l0x_platform.o
                0x080019e0                VL53L0X_WrByte
 .text.VL53L0X_WrWord
                0x08001a28       0x54 Drivers/BSP/X-NUCLEO-53L0A1/vl53l0x_platform.o
                0x08001a28                VL53L0X_WrWord
 .text.VL53L0X_UpdateByte
                0x08001a7c       0x68 Drivers/BSP/X-NUCLEO-53L0A1/vl53l0x_platform.o
                0x08001a7c                VL53L0X_UpdateByte
 .text.VL53L0X_RdByte
                0x08001ae4       0x50 Drivers/BSP/X-NUCLEO-53L0A1/vl53l0x_platform.o
                0x08001ae4                VL53L0X_RdByte
 .text.VL53L0X_RdWord
                0x08001b34       0x70 Drivers/BSP/X-NUCLEO-53L0A1/vl53l0x_platform.o
                0x08001b34                VL53L0X_RdWord
 .text.VL53L0X_RdDWord
                0x08001ba4       0x78 Drivers/BSP/X-NUCLEO-53L0A1/vl53l0x_platform.o
                0x08001ba4                VL53L0X_RdDWord
 .text.VL53L0X_PollingDelay
                0x08001c1c       0x1e Drivers/BSP/X-NUCLEO-53L0A1/vl53l0x_platform.o
                0x08001c1c                VL53L0X_PollingDelay
 *fill*         0x08001c3a        0x2 
 .text.VL53L0X_GetOffsetCalibrationDataMicroMeter
                0x08001c3c       0x7c Drivers/BSP/vl53l0x/vl53l0x_api.o
                0x08001c3c                VL53L0X_GetOffsetCalibrationDataMicroMeter
 .text.VL53L0X_SetDeviceAddress
                0x08001cb8       0x88 Drivers/BSP/vl53l0x/vl53l0x_api.o
                0x08001cb8                VL53L0X_SetDeviceAddress
 .text.VL53L0X_DataInit
                0x08001d40      0x31c Drivers/BSP/vl53l0x/vl53l0x_api.o
                0x08001d40                VL53L0X_DataInit
 .text.VL53L0X_StaticInit
                0x0800205c      0x358 Drivers/BSP/vl53l0x/vl53l0x_api.o
                0x0800205c                VL53L0X_StaticInit
 .text.VL53L0X_GetDeviceParameters
                0x080023b4      0x178 Drivers/BSP/vl53l0x/vl53l0x_api.o
                0x080023b4                VL53L0X_GetDeviceParameters
 .text.VL53L0X_SetDeviceMode
                0x0800252c       0xe8 Drivers/BSP/vl53l0x/vl53l0x_api.o
                0x0800252c                VL53L0X_SetDeviceMode
 .text.VL53L0X_GetDeviceMode
                0x08002614       0x78 Drivers/BSP/vl53l0x/vl53l0x_api.o
                0x08002614                VL53L0X_GetDeviceMode
 .text.VL53L0X_GetFractionEnable
                0x0800268c       0x94 Drivers/BSP/vl53l0x/vl53l0x_api.o
                0x0800268c                VL53L0X_GetFractionEnable
 .text.VL53L0X_SetMeasurementTimingBudgetMicroSeconds
                0x08002720       0x7c Drivers/BSP/vl53l0x/vl53l0x_api.o
                0x08002720                VL53L0X_SetMeasurementTimingBudgetMicroSeconds
 .text.VL53L0X_GetMeasurementTimingBudgetMicroSeconds
                0x0800279c       0x7c Drivers/BSP/vl53l0x/vl53l0x_api.o
                0x0800279c                VL53L0X_GetMeasurementTimingBudgetMicroSeconds
 .text.VL53L0X_SetVcselPulsePeriod
                0x08002818       0x88 Drivers/BSP/vl53l0x/vl53l0x_api.o
                0x08002818                VL53L0X_SetVcselPulsePeriod
 .text.VL53L0X_GetVcselPulsePeriod
                0x080028a0       0x84 Drivers/BSP/vl53l0x/vl53l0x_api.o
                0x080028a0                VL53L0X_GetVcselPulsePeriod
 .text.VL53L0X_SetSequenceStepEnable
                0x08002924      0x198 Drivers/BSP/vl53l0x/vl53l0x_api.o
                0x08002924                VL53L0X_SetSequenceStepEnable
 .text.sequence_step_enabled
                0x08002abc       0xf8 Drivers/BSP/vl53l0x/vl53l0x_api.o
                0x08002abc                sequence_step_enabled
 .text.VL53L0X_GetSequenceStepEnables
                0x08002bb4      0x108 Drivers/BSP/vl53l0x/vl53l0x_api.o
                0x08002bb4                VL53L0X_GetSequenceStepEnables
 .text.VL53L0X_GetInterMeasurementPeriodMilliSeconds
                0x08002cbc       0xc0 Drivers/BSP/vl53l0x/vl53l0x_api.o
                0x08002cbc                VL53L0X_GetInterMeasurementPeriodMilliSeconds
 .text.VL53L0X_GetXTalkCompensationEnable
                0x08002d7c       0x7c Drivers/BSP/vl53l0x/vl53l0x_api.o
                0x08002d7c                VL53L0X_GetXTalkCompensationEnable
 .text.VL53L0X_GetXTalkCompensationRateMegaCps
                0x08002df8       0xbc Drivers/BSP/vl53l0x/vl53l0x_api.o
                0x08002df8                VL53L0X_GetXTalkCompensationRateMegaCps
 .text.VL53L0X_SetLimitCheckEnable
                0x08002eb4      0x170 Drivers/BSP/vl53l0x/vl53l0x_api.o
                0x08002eb4                VL53L0X_SetLimitCheckEnable
 .text.VL53L0X_GetLimitCheckEnable
                0x08003024       0x98 Drivers/BSP/vl53l0x/vl53l0x_api.o
                0x08003024                VL53L0X_GetLimitCheckEnable
 .text.VL53L0X_SetLimitCheckValue
                0x080030bc      0x118 Drivers/BSP/vl53l0x/vl53l0x_api.o
                0x080030bc                VL53L0X_SetLimitCheckValue
 .text.VL53L0X_GetLimitCheckValue
                0x080031d4      0x170 Drivers/BSP/vl53l0x/vl53l0x_api.o
                0x080031d4                VL53L0X_GetLimitCheckValue
 .text.VL53L0X_GetWrapAroundCheckEnable
                0x08003344       0xbc Drivers/BSP/vl53l0x/vl53l0x_api.o
                0x08003344                VL53L0X_GetWrapAroundCheckEnable
 .text.VL53L0X_PerformSingleMeasurement
                0x08003400       0xc0 Drivers/BSP/vl53l0x/vl53l0x_api.o
                0x08003400                VL53L0X_PerformSingleMeasurement
 .text.VL53L0X_PerformRefCalibration
                0x080034c0       0x84 Drivers/BSP/vl53l0x/vl53l0x_api.o
                0x080034c0                VL53L0X_PerformRefCalibration
 .text.VL53L0X_CheckAndLoadInterruptSettings
                0x08003544       0xcc Drivers/BSP/vl53l0x/vl53l0x_api.o
                0x08003544                VL53L0X_CheckAndLoadInterruptSettings
 .text.VL53L0X_StartMeasurement
                0x08003610      0x1d4 Drivers/BSP/vl53l0x/vl53l0x_api.o
                0x08003610                VL53L0X_StartMeasurement
 .text.VL53L0X_GetMeasurementDataReady
                0x080037e4       0xd8 Drivers/BSP/vl53l0x/vl53l0x_api.o
                0x080037e4                VL53L0X_GetMeasurementDataReady
 .text.VL53L0X_GetRangingMeasurementData
                0x080038bc      0x2a0 Drivers/BSP/vl53l0x/vl53l0x_api.o
                0x080038bc                VL53L0X_GetRangingMeasurementData
 .text.VL53L0X_PerformSingleRangingMeasurement
                0x08003b5c       0xb8 Drivers/BSP/vl53l0x/vl53l0x_api.o
                0x08003b5c                VL53L0X_PerformSingleRangingMeasurement
 .text.VL53L0X_SetGpioConfig
                0x08003c14      0x2a0 Drivers/BSP/vl53l0x/vl53l0x_api.o
                0x08003c14                VL53L0X_SetGpioConfig
 .text.VL53L0X_GetInterruptThresholds
                0x08003eb4       0xc4 Drivers/BSP/vl53l0x/vl53l0x_api.o
                0x08003eb4                VL53L0X_GetInterruptThresholds
 .text.VL53L0X_ClearInterruptMask
                0x08003f78       0xd8 Drivers/BSP/vl53l0x/vl53l0x_api.o
                0x08003f78                VL53L0X_ClearInterruptMask
 .text.VL53L0X_GetInterruptMaskStatus
                0x08004050       0x9c Drivers/BSP/vl53l0x/vl53l0x_api.o
                0x08004050                VL53L0X_GetInterruptMaskStatus
 .text.VL53L0X_PerformRefSpadManagement
                0x080040ec       0x80 Drivers/BSP/vl53l0x/vl53l0x_api.o
                0x080040ec                VL53L0X_PerformRefSpadManagement
 .text.VL53L0X_get_offset_calibration_data_micro_meter
                0x0800416c       0x7e Drivers/BSP/vl53l0x/vl53l0x_api_calibration.o
                0x0800416c                VL53L0X_get_offset_calibration_data_micro_meter
 .text.get_next_good_spad
                0x080041ea       0xbc Drivers/BSP/vl53l0x/vl53l0x_api_calibration.o
                0x080041ea                get_next_good_spad
 *fill*         0x080042a6        0x2 
 .text.is_aperture
                0x080042a8       0x34 Drivers/BSP/vl53l0x/vl53l0x_api_calibration.o
                0x080042a8                is_aperture
 .text.enable_spad_bit
                0x080042dc       0x70 Drivers/BSP/vl53l0x/vl53l0x_api_calibration.o
                0x080042dc                enable_spad_bit
 .text.set_ref_spad_map
                0x0800434c       0x26 Drivers/BSP/vl53l0x/vl53l0x_api_calibration.o
                0x0800434c                set_ref_spad_map
 .text.get_ref_spad_map
                0x08004372       0x26 Drivers/BSP/vl53l0x/vl53l0x_api_calibration.o
                0x08004372                get_ref_spad_map
 .text.enable_ref_spads
                0x08004398       0xf8 Drivers/BSP/vl53l0x/vl53l0x_api_calibration.o
                0x08004398                enable_ref_spads
 .text.perform_ref_signal_measurement
                0x08004490       0xd4 Drivers/BSP/vl53l0x/vl53l0x_api_calibration.o
                0x08004490                perform_ref_signal_measurement
 .text.VL53L0X_perform_ref_spad_management
                0x08004564      0x418 Drivers/BSP/vl53l0x/vl53l0x_api_calibration.o
                0x08004564                VL53L0X_perform_ref_spad_management
 .text.VL53L0X_set_reference_spads
                0x0800497c      0x14a Drivers/BSP/vl53l0x/vl53l0x_api_calibration.o
                0x0800497c                VL53L0X_set_reference_spads
 .text.VL53L0X_perform_single_ref_calibration
                0x08004ac6       0x76 Drivers/BSP/vl53l0x/vl53l0x_api_calibration.o
                0x08004ac6                VL53L0X_perform_single_ref_calibration
 .text.VL53L0X_ref_calibration_io
                0x08004b3c      0x132 Drivers/BSP/vl53l0x/vl53l0x_api_calibration.o
                0x08004b3c                VL53L0X_ref_calibration_io
 .text.VL53L0X_perform_vhv_calibration
                0x08004c6e       0xce Drivers/BSP/vl53l0x/vl53l0x_api_calibration.o
                0x08004c6e                VL53L0X_perform_vhv_calibration
 .text.VL53L0X_perform_phase_calibration
                0x08004d3c       0xca Drivers/BSP/vl53l0x/vl53l0x_api_calibration.o
                0x08004d3c                VL53L0X_perform_phase_calibration
 .text.VL53L0X_perform_ref_calibration
                0x08004e06       0x7a Drivers/BSP/vl53l0x/vl53l0x_api_calibration.o
                0x08004e06                VL53L0X_perform_ref_calibration
 .text.VL53L0X_measurement_poll_for_completion
                0x08004e80       0xb8 Drivers/BSP/vl53l0x/vl53l0x_api_core.o
                0x08004e80                VL53L0X_measurement_poll_for_completion
 .text.VL53L0X_decode_vcsel_period
                0x08004f38       0x26 Drivers/BSP/vl53l0x/vl53l0x_api_core.o
                0x08004f38                VL53L0X_decode_vcsel_period
 .text.VL53L0X_encode_vcsel_period
                0x08004f5e       0x26 Drivers/BSP/vl53l0x/vl53l0x_api_core.o
                0x08004f5e                VL53L0X_encode_vcsel_period
 .text.VL53L0X_isqrt
                0x08004f84       0x68 Drivers/BSP/vl53l0x/vl53l0x_api_core.o
                0x08004f84                VL53L0X_isqrt
 .text.VL53L0X_device_read_strobe
                0x08004fec       0xdc Drivers/BSP/vl53l0x/vl53l0x_api_core.o
                0x08004fec                VL53L0X_device_read_strobe
 .text.VL53L0X_get_info_from_device
                0x080050c8      0x9fc Drivers/BSP/vl53l0x/vl53l0x_api_core.o
                0x080050c8                VL53L0X_get_info_from_device
 .text.VL53L0X_calc_macro_period_ps
                0x08005ac4       0x90 Drivers/BSP/vl53l0x/vl53l0x_api_core.o
                0x08005ac4                VL53L0X_calc_macro_period_ps
 .text.VL53L0X_encode_timeout
                0x08005b54       0x58 Drivers/BSP/vl53l0x/vl53l0x_api_core.o
                0x08005b54                VL53L0X_encode_timeout
 .text.VL53L0X_decode_timeout
                0x08005bac       0x2c Drivers/BSP/vl53l0x/vl53l0x_api_core.o
                0x08005bac                VL53L0X_decode_timeout
 .text.VL53L0X_calc_timeout_mclks
                0x08005bd8       0x54 Drivers/BSP/vl53l0x/vl53l0x_api_core.o
                0x08005bd8                VL53L0X_calc_timeout_mclks
 .text.VL53L0X_calc_timeout_us
                0x08005c2c       0x54 Drivers/BSP/vl53l0x/vl53l0x_api_core.o
                0x08005c2c                VL53L0X_calc_timeout_us
 .text.get_sequence_step_timeout
                0x08005c80      0x1c2 Drivers/BSP/vl53l0x/vl53l0x_api_core.o
                0x08005c80                get_sequence_step_timeout
 .text.set_sequence_step_timeout
                0x08005e42      0x1e4 Drivers/BSP/vl53l0x/vl53l0x_api_core.o
                0x08005e42                set_sequence_step_timeout
 .text.VL53L0X_set_vcsel_pulse_period
                0x08006026      0x50e Drivers/BSP/vl53l0x/vl53l0x_api_core.o
                0x08006026                VL53L0X_set_vcsel_pulse_period
 .text.VL53L0X_get_vcsel_pulse_period
                0x08006534       0x6e Drivers/BSP/vl53l0x/vl53l0x_api_core.o
                0x08006534                VL53L0X_get_vcsel_pulse_period
 *fill*         0x080065a2        0x2 
 .text.VL53L0X_set_measurement_timing_budget_micro_seconds
                0x080065a4      0x264 Drivers/BSP/vl53l0x/vl53l0x_api_core.o
                0x080065a4                VL53L0X_set_measurement_timing_budget_micro_seconds
 .text.VL53L0X_get_measurement_timing_budget_micro_seconds
                0x08006808      0x1e0 Drivers/BSP/vl53l0x/vl53l0x_api_core.o
                0x08006808                VL53L0X_get_measurement_timing_budget_micro_seconds
 .text.VL53L0X_load_tuning_settings
                0x080069e8      0x21c Drivers/BSP/vl53l0x/vl53l0x_api_core.o
                0x080069e8                VL53L0X_load_tuning_settings
 .text.VL53L0X_get_total_xtalk_rate
                0x08006c04       0x5e Drivers/BSP/vl53l0x/vl53l0x_api_core.o
                0x08006c04                VL53L0X_get_total_xtalk_rate
 *fill*         0x08006c62        0x2 
 .text.VL53L0X_get_total_signal_rate
                0x08006c64       0x78 Drivers/BSP/vl53l0x/vl53l0x_api_core.o
                0x08006c64                VL53L0X_get_total_signal_rate
 .text.VL53L0X_calc_dmax
                0x08006cdc      0x2a0 Drivers/BSP/vl53l0x/vl53l0x_api_core.o
                0x08006cdc                VL53L0X_calc_dmax
 .text.VL53L0X_calc_sigma_estimate
                0x08006f7c      0x52c Drivers/BSP/vl53l0x/vl53l0x_api_core.o
                0x08006f7c                VL53L0X_calc_sigma_estimate
 .text.VL53L0X_get_pal_range_status
                0x080074a8      0x418 Drivers/BSP/vl53l0x/vl53l0x_api_core.o
                0x080074a8                VL53L0X_get_pal_range_status
 .text.VL53L0X_trace_config
                0x080078c0       0x40 Drivers/BSP/vl53l0x/vl53l0x_platform_log.o
                0x080078c0                VL53L0X_trace_config
 .text.trace_print_module_function
                0x08007900       0x58 Drivers/BSP/vl53l0x/vl53l0x_platform_log.o
                0x08007900                trace_print_module_function
 .text.SystemInit
                0x08007958       0x6c Drivers/CMSIS/system_stm32f4xx.o
                0x08007958                SystemInit
 .text.HAL_Init
                0x080079c4       0x44 Drivers/STM32F4xx_HAL_Driver/stm32f4xx_hal.o
                0x080079c4                HAL_Init
 .text.HAL_InitTick
                0x08007a08       0x38 Drivers/STM32F4xx_HAL_Driver/stm32f4xx_hal.o
                0x08007a08                HAL_InitTick
 .text.HAL_IncTick
                0x08007a40       0x1c Drivers/STM32F4xx_HAL_Driver/stm32f4xx_hal.o
                0x08007a40                HAL_IncTick
 .text.HAL_GetTick
                0x08007a5c       0x18 Drivers/STM32F4xx_HAL_Driver/stm32f4xx_hal.o
                0x08007a5c                HAL_GetTick
 .text.HAL_Delay
                0x08007a74       0x2c Drivers/STM32F4xx_HAL_Driver/stm32f4xx_hal.o
                0x08007a74                HAL_Delay
 .text.NVIC_SetPriorityGrouping
                0x08007aa0       0x48 Drivers/STM32F4xx_HAL_Driver/stm32f4xx_hal_cortex.o
 .text.NVIC_GetPriorityGrouping
                0x08007ae8       0x1c Drivers/STM32F4xx_HAL_Driver/stm32f4xx_hal_cortex.o
 .text.NVIC_EnableIRQ
                0x08007b04       0x34 Drivers/STM32F4xx_HAL_Driver/stm32f4xx_hal_cortex.o
 .text.NVIC_SetPriority
                0x08007b38       0x54 Drivers/STM32F4xx_HAL_Driver/stm32f4xx_hal_cortex.o
 .text.NVIC_EncodePriority
                0x08007b8c       0x62 Drivers/STM32F4xx_HAL_Driver/stm32f4xx_hal_cortex.o
 *fill*         0x08007bee        0x2 
 .text.SysTick_Config
                0x08007bf0       0x44 Drivers/STM32F4xx_HAL_Driver/stm32f4xx_hal_cortex.o
 .text.HAL_NVIC_SetPriorityGrouping
                0x08007c34       0x16 Drivers/STM32F4xx_HAL_Driver/stm32f4xx_hal_cortex.o
                0x08007c34                HAL_NVIC_SetPriorityGrouping
 .text.HAL_NVIC_SetPriority
                0x08007c4a       0x38 Drivers/STM32F4xx_HAL_Driver/stm32f4xx_hal_cortex.o
                0x08007c4a                HAL_NVIC_SetPriority
 .text.HAL_NVIC_EnableIRQ
                0x08007c82       0x1c Drivers/STM32F4xx_HAL_Driver/stm32f4xx_hal_cortex.o
                0x08007c82                HAL_NVIC_EnableIRQ
 .text.HAL_SYSTICK_Config
                0x08007c9e       0x18 Drivers/STM32F4xx_HAL_Driver/stm32f4xx_hal_cortex.o
                0x08007c9e                HAL_SYSTICK_Config
 .text.HAL_SYSTICK_IRQHandler
                0x08007cb6        0xc Drivers/STM32F4xx_HAL_Driver/stm32f4xx_hal_cortex.o
                0x08007cb6                HAL_SYSTICK_IRQHandler
 .text.HAL_SYSTICK_Callback
                0x08007cc2        0xe Drivers/STM32F4xx_HAL_Driver/stm32f4xx_hal_cortex.o
                0x08007cc2                HAL_SYSTICK_Callback
 .text.HAL_DMA_Init
                0x08007cd0      0x154 Drivers/STM32F4xx_HAL_Driver/stm32f4xx_hal_dma.o
                0x08007cd0                HAL_DMA_Init
 .text.HAL_DMA_Start_IT
                0x08007e24       0xc0 Drivers/STM32F4xx_HAL_Driver/stm32f4xx_hal_dma.o
                0x08007e24                HAL_DMA_Start_IT
 .text.HAL_DMA_Abort_IT
                0x08007ee4       0x44 Drivers/STM32F4xx_HAL_Driver/stm32f4xx_hal_dma.o
                0x08007ee4                HAL_DMA_Abort_IT
 .text.HAL_DMA_IRQHandler
                0x08007f28      0x320 Drivers/STM32F4xx_HAL_Driver/stm32f4xx_hal_dma.o
                0x08007f28                HAL_DMA_IRQHandler
 .text.DMA_SetConfig
                0x08008248       0x5c Drivers/STM32F4xx_HAL_Driver/stm32f4xx_hal_dma.o
 .text.DMA_CalcBaseAndBitshift
                0x080082a4       0x6c Drivers/STM32F4xx_HAL_Driver/stm32f4xx_hal_dma.o
 .text.DMA_CheckFifoParam
                0x08008310      0x114 Drivers/STM32F4xx_HAL_Driver/stm32f4xx_hal_dma.o
 .text.HAL_GPIO_Init
                0x08008424      0x304 Drivers/STM32F4xx_HAL_Driver/stm32f4xx_hal_gpio.o
                0x08008424                HAL_GPIO_Init
 .text.HAL_GPIO_ReadPin
                0x08008728       0x30 Drivers/STM32F4xx_HAL_Driver/stm32f4xx_hal_gpio.o
                0x08008728                HAL_GPIO_ReadPin
 .text.HAL_GPIO_WritePin
                0x08008758       0x32 Drivers/STM32F4xx_HAL_Driver/stm32f4xx_hal_gpio.o
                0x08008758                HAL_GPIO_WritePin
 *fill*         0x0800878a        0x2 
 .text.HAL_GPIO_EXTI_IRQHandler
                0x0800878c       0x30 Drivers/STM32F4xx_HAL_Driver/stm32f4xx_hal_gpio.o
                0x0800878c                HAL_GPIO_EXTI_IRQHandler
 .text.HAL_I2C_Init
                0x080087bc      0x1c0 Drivers/STM32F4xx_HAL_Driver/stm32f4xx_hal_i2c.o
                0x080087bc                HAL_I2C_Init
 .text.HAL_I2C_MspInit
                0x0800897c       0x14 Drivers/STM32F4xx_HAL_Driver/stm32f4xx_hal_i2c.o
                0x0800897c                HAL_I2C_MspInit
 .text.HAL_I2C_Master_Transmit
                0x08008990      0x218 Drivers/STM32F4xx_HAL_Driver/stm32f4xx_hal_i2c.o
                0x08008990                HAL_I2C_Master_Transmit
 .text.HAL_I2C_Master_Receive
                0x08008ba8      0x464 Drivers/STM32F4xx_HAL_Driver/stm32f4xx_hal_i2c.o
                0x08008ba8                HAL_I2C_Master_Receive
 .text.I2C_MasterRequestWrite
                0x0800900c      0x104 Drivers/STM32F4xx_HAL_Driver/stm32f4xx_hal_i2c.o
 .text.I2C_MasterRequestRead
                0x08009110      0x190 Drivers/STM32F4xx_HAL_Driver/stm32f4xx_hal_i2c.o
 .text.I2C_WaitOnFlagUntilTimeout
                0x080092a0       0xa2 Drivers/STM32F4xx_HAL_Driver/stm32f4xx_hal_i2c.o
 .text.I2C_WaitOnMasterAddressFlagUntilTimeout
                0x08009342       0xdc Drivers/STM32F4xx_HAL_Driver/stm32f4xx_hal_i2c.o
 .text.I2C_WaitOnTXEFlagUntilTimeout
                0x0800941e       0x7a Drivers/STM32F4xx_HAL_Driver/stm32f4xx_hal_i2c.o
 .text.I2C_WaitOnBTFFlagUntilTimeout
                0x08009498       0x7a Drivers/STM32F4xx_HAL_Driver/stm32f4xx_hal_i2c.o
 .text.I2C_WaitOnRXNEFlagUntilTimeout
                0x08009512       0x94 Drivers/STM32F4xx_HAL_Driver/stm32f4xx_hal_i2c.o
 .text.I2C_IsAcknowledgeFailed
                0x080095a6       0x50 Drivers/STM32F4xx_HAL_Driver/stm32f4xx_hal_i2c.o
 *fill*         0x080095f6        0x2 
 .text.HAL_RCC_OscConfig
                0x080095f8      0x428 Drivers/STM32F4xx_HAL_Driver/stm32f4xx_hal_rcc.o
                0x080095f8                HAL_RCC_OscConfig
 .text.HAL_RCC_ClockConfig
                0x08009a20      0x224 Drivers/STM32F4xx_HAL_Driver/stm32f4xx_hal_rcc.o
                0x08009a20                HAL_RCC_ClockConfig
 .text.HAL_RCC_GetSysClockFreq
                0x08009c44       0xfc Drivers/STM32F4xx_HAL_Driver/stm32f4xx_hal_rcc.o
                0x08009c44                HAL_RCC_GetSysClockFreq
 .text.HAL_RCC_GetHCLKFreq
                0x08009d40       0x18 Drivers/STM32F4xx_HAL_Driver/stm32f4xx_hal_rcc.o
                0x08009d40                HAL_RCC_GetHCLKFreq
 .text.HAL_RCC_GetPCLK1Freq
                0x08009d58       0x44 Drivers/STM32F4xx_HAL_Driver/stm32f4xx_hal_rcc.o
                0x08009d58                HAL_RCC_GetPCLK1Freq
 .text.HAL_RCC_GetPCLK2Freq
                0x08009d9c       0x44 Drivers/STM32F4xx_HAL_Driver/stm32f4xx_hal_rcc.o
                0x08009d9c                HAL_RCC_GetPCLK2Freq
 .text.HAL_TIM_Base_Start
                0x08009de0       0x36 Drivers/STM32F4xx_HAL_Driver/stm32f4xx_hal_tim.o
                0x08009de0                HAL_TIM_Base_Start
 .text.HAL_TIM_OC_Init
                0x08009e16       0x56 Drivers/STM32F4xx_HAL_Driver/stm32f4xx_hal_tim.o
                0x08009e16                HAL_TIM_OC_Init
 .text.HAL_TIM_OC_ConfigChannel
                0x08009e6c       0xc0 Drivers/STM32F4xx_HAL_Driver/stm32f4xx_hal_tim.o
                0x08009e6c                HAL_TIM_OC_ConfigChannel
 .text.TIM_Base_SetConfig
                0x08009f2c      0x108 Drivers/STM32F4xx_HAL_Driver/stm32f4xx_hal_tim.o
                0x08009f2c                TIM_Base_SetConfig
 .text.TIM_OC2_SetConfig
                0x0800a034       0xdc Drivers/STM32F4xx_HAL_Driver/stm32f4xx_hal_tim.o
                0x0800a034                TIM_OC2_SetConfig
 .text.TIM_OC1_SetConfig
                0x0800a110       0xd0 Drivers/STM32F4xx_HAL_Driver/stm32f4xx_hal_tim.o
 .text.TIM_OC3_SetConfig
                0x0800a1e0       0xd8 Drivers/STM32F4xx_HAL_Driver/stm32f4xx_hal_tim.o
 .text.TIM_OC4_SetConfig
                0x0800a2b8       0xac Drivers/STM32F4xx_HAL_Driver/stm32f4xx_hal_tim.o
 .text.HAL_TIMEx_MasterConfigSynchronization
                0x0800a364       0x8a Drivers/STM32F4xx_HAL_Driver/stm32f4xx_hal_tim_ex.o
                0x0800a364                HAL_TIMEx_MasterConfigSynchronization
 .text.HAL_UART_Init
                0x0800a3ee       0x9a Drivers/STM32F4xx_HAL_Driver/stm32f4xx_hal_uart.o
                0x0800a3ee                HAL_UART_Init
 .text.HAL_UART_Transmit_DMA
                0x0800a488       0xd8 Drivers/STM32F4xx_HAL_Driver/stm32f4xx_hal_uart.o
                0x0800a488                HAL_UART_Transmit_DMA
 .text.HAL_UART_IRQHandler
                0x0800a560      0x1f8 Drivers/STM32F4xx_HAL_Driver/stm32f4xx_hal_uart.o
                0x0800a560                HAL_UART_IRQHandler
 .text.HAL_UART_TxHalfCpltCallback
                0x0800a758       0x14 Drivers/STM32F4xx_HAL_Driver/stm32f4xx_hal_uart.o
                0x0800a758                HAL_UART_TxHalfCpltCallback
 .text.HAL_UART_RxCpltCallback
                0x0800a76c       0x14 Drivers/STM32F4xx_HAL_Driver/stm32f4xx_hal_uart.o
                0x0800a76c                HAL_UART_RxCpltCallback
 .text.HAL_UART_ErrorCallback
                0x0800a780       0x14 Drivers/STM32F4xx_HAL_Driver/stm32f4xx_hal_uart.o
                0x0800a780                HAL_UART_ErrorCallback
 .text.UART_DMATransmitCplt
                0x0800a794       0x52 Drivers/STM32F4xx_HAL_Driver/stm32f4xx_hal_uart.o
 .text.UART_DMATxHalfCplt
                0x0800a7e6       0x1c Drivers/STM32F4xx_HAL_Driver/stm32f4xx_hal_uart.o
 .text.UART_DMAError
                0x0800a802       0x94 Drivers/STM32F4xx_HAL_Driver/stm32f4xx_hal_uart.o
 .text.UART_EndTxTransfer
                0x0800a896       0x2c Drivers/STM32F4xx_HAL_Driver/stm32f4xx_hal_uart.o
 .text.UART_EndRxTransfer
                0x0800a8c2       0x3c Drivers/STM32F4xx_HAL_Driver/stm32f4xx_hal_uart.o
 .text.UART_DMAAbortOnError
                0x0800a8fe       0x28 Drivers/STM32F4xx_HAL_Driver/stm32f4xx_hal_uart.o
 .text.UART_Transmit_IT
                0x0800a926       0xaa Drivers/STM32F4xx_HAL_Driver/stm32f4xx_hal_uart.o
 .text.UART_EndTransmit_IT
                0x0800a9d0       0x30 Drivers/STM32F4xx_HAL_Driver/stm32f4xx_hal_uart.o
 .text.UART_Receive_IT
                0x0800aa00       0xf2 Drivers/STM32F4xx_HAL_Driver/stm32f4xx_hal_uart.o
 *fill*         0x0800aaf2        0x2 
 .text.UART_SetConfig
                0x0800aaf4      0x438 Drivers/STM32F4xx_HAL_Driver/stm32f4xx_hal_uart.o
 .text.__libc_init_array
                0x0800af2c       0x48 c:/ac6/systemworkbench/plugins/fr.ac6.mcu.externaltools.arm-none.win32_1.15.0.201708311556/tools/compiler/bin/../lib/gcc/arm-none-eabi/6.3.1/../../../../arm-none-eabi/lib/thumb/v7e-m/fpv4-sp/hard\libc_nano.a(lib_a-init.o)
                0x0800af2c                __libc_init_array
 .text.memcpy   0x0800af74       0x16 c:/ac6/systemworkbench/plugins/fr.ac6.mcu.externaltools.arm-none.win32_1.15.0.201708311556/tools/compiler/bin/../lib/gcc/arm-none-eabi/6.3.1/../../../../arm-none-eabi/lib/thumb/v7e-m/fpv4-sp/hard\libc_nano.a(lib_a-memcpy-stub.o)
                0x0800af74                memcpy
 .text.memset   0x0800af8a       0x10 c:/ac6/systemworkbench/plugins/fr.ac6.mcu.externaltools.arm-none.win32_1.15.0.201708311556/tools/compiler/bin/../lib/gcc/arm-none-eabi/6.3.1/../../../../arm-none-eabi/lib/thumb/v7e-m/fpv4-sp/hard\libc_nano.a(lib_a-memset.o)
                0x0800af8a                memset
 *fill*         0x0800af9a        0x2 
 .text.sprintf  0x0800af9c       0x48 c:/ac6/systemworkbench/plugins/fr.ac6.mcu.externaltools.arm-none.win32_1.15.0.201708311556/tools/compiler/bin/../lib/gcc/arm-none-eabi/6.3.1/../../../../arm-none-eabi/lib/thumb/v7e-m/fpv4-sp/hard\libc_nano.a(lib_a-sprintf.o)
                0x0800af9c                siprintf
                0x0800af9c                sprintf
 .text.strcpy   0x0800afe4       0x10 c:/ac6/systemworkbench/plugins/fr.ac6.mcu.externaltools.arm-none.win32_1.15.0.201708311556/tools/compiler/bin/../lib/gcc/arm-none-eabi/6.3.1/../../../../arm-none-eabi/lib/thumb/v7e-m/fpv4-sp/hard\libc_nano.a(lib_a-strcpy.o)
                0x0800afe4                strcpy
 .text._vsnprintf_r
                0x0800aff4       0x58 c:/ac6/systemworkbench/plugins/fr.ac6.mcu.externaltools.arm-none.win32_1.15.0.201708311556/tools/compiler/bin/../lib/gcc/arm-none-eabi/6.3.1/../../../../arm-none-eabi/lib/thumb/v7e-m/fpv4-sp/hard\libc_nano.a(lib_a-vsnprintf.o)
                0x0800aff4                _vsniprintf_r
                0x0800aff4                _vsnprintf_r
 .text.vsnprintf
                0x0800b04c       0x1c c:/ac6/systemworkbench/plugins/fr.ac6.mcu.externaltools.arm-none.win32_1.15.0.201708311556/tools/compiler/bin/../lib/gcc/arm-none-eabi/6.3.1/../../../../arm-none-eabi/lib/thumb/v7e-m/fpv4-sp/hard\libc_nano.a(lib_a-vsnprintf.o)
                0x0800b04c                vsniprintf
                0x0800b04c                vsnprintf
 .text.__ssputs_r
                0x0800b068       0xb6 c:/ac6/systemworkbench/plugins/fr.ac6.mcu.externaltools.arm-none.win32_1.15.0.201708311556/tools/compiler/bin/../lib/gcc/arm-none-eabi/6.3.1/../../../../arm-none-eabi/lib/thumb/v7e-m/fpv4-sp/hard\libc_nano.a(lib_a-nano-svfprintf.o)
                0x0800b068                __ssputs_r
 *fill*         0x0800b11e        0x2 
 .text._svfprintf_r
                0x0800b120      0x1e8 c:/ac6/systemworkbench/plugins/fr.ac6.mcu.externaltools.arm-none.win32_1.15.0.201708311556/tools/compiler/bin/../lib/gcc/arm-none-eabi/6.3.1/../../../../arm-none-eabi/lib/thumb/v7e-m/fpv4-sp/hard\libc_nano.a(lib_a-nano-svfprintf.o)
                0x0800b120                _svfiprintf_r
                0x0800b120                _svfprintf_r
 .text._printf_common
                0x0800b308       0xec c:/ac6/systemworkbench/plugins/fr.ac6.mcu.externaltools.arm-none.win32_1.15.0.201708311556/tools/compiler/bin/../lib/gcc/arm-none-eabi/6.3.1/../../../../arm-none-eabi/lib/thumb/v7e-m/fpv4-sp/hard\libc_nano.a(lib_a-nano-vfprintf_i.o)
                0x0800b308                _printf_common
 .text._printf_i
                0x0800b3f4      0x240 c:/ac6/systemworkbench/plugins/fr.ac6.mcu.externaltools.arm-none.win32_1.15.0.201708311556/tools/compiler/bin/../lib/gcc/arm-none-eabi/6.3.1/../../../../arm-none-eabi/lib/thumb/v7e-m/fpv4-sp/hard\libc_nano.a(lib_a-nano-vfprintf_i.o)
                0x0800b3f4                _printf_i
 .text.memmove  0x0800b634       0x34 c:/ac6/systemworkbench/plugins/fr.ac6.mcu.externaltools.arm-none.win32_1.15.0.201708311556/tools/compiler/bin/../lib/gcc/arm-none-eabi/6.3.1/../../../../arm-none-eabi/lib/thumb/v7e-m/fpv4-sp/hard\libc_nano.a(lib_a-memmove.o)
                0x0800b634                memmove
 .text._free_r  0x0800b668       0x9c c:/ac6/systemworkbench/plugins/fr.ac6.mcu.externaltools.arm-none.win32_1.15.0.201708311556/tools/compiler/bin/../lib/gcc/arm-none-eabi/6.3.1/../../../../arm-none-eabi/lib/thumb/v7e-m/fpv4-sp/hard\libc_nano.a(lib_a-nano-freer.o)
                0x0800b668                _free_r
 .text._malloc_r
                0x0800b704       0xbc c:/ac6/systemworkbench/plugins/fr.ac6.mcu.externaltools.arm-none.win32_1.15.0.201708311556/tools/compiler/bin/../lib/gcc/arm-none-eabi/6.3.1/../../../../arm-none-eabi/lib/thumb/v7e-m/fpv4-sp/hard\libc_nano.a(lib_a-nano-mallocr.o)
                0x0800b704                _malloc_r
 .text._realloc_r
                0x0800b7c0       0x4c c:/ac6/systemworkbench/plugins/fr.ac6.mcu.externaltools.arm-none.win32_1.15.0.201708311556/tools/compiler/bin/../lib/gcc/arm-none-eabi/6.3.1/../../../../arm-none-eabi/lib/thumb/v7e-m/fpv4-sp/hard\libc_nano.a(lib_a-nano-reallocr.o)
                0x0800b7c0                _realloc_r
 .text._sbrk_r  0x0800b80c       0x20 c:/ac6/systemworkbench/plugins/fr.ac6.mcu.externaltools.arm-none.win32_1.15.0.201708311556/tools/compiler/bin/../lib/gcc/arm-none-eabi/6.3.1/../../../../arm-none-eabi/lib/thumb/v7e-m/fpv4-sp/hard\libc_nano.a(lib_a-sbrkr.o)
                0x0800b80c                _sbrk_r
 .text.__malloc_lock
                0x0800b82c        0x2 c:/ac6/systemworkbench/plugins/fr.ac6.mcu.externaltools.arm-none.win32_1.15.0.201708311556/tools/compiler/bin/../lib/gcc/arm-none-eabi/6.3.1/../../../../arm-none-eabi/lib/thumb/v7e-m/fpv4-sp/hard\libc_nano.a(lib_a-mlock.o)
                0x0800b82c                __malloc_lock
 .text.__malloc_unlock
                0x0800b82e        0x2 c:/ac6/systemworkbench/plugins/fr.ac6.mcu.externaltools.arm-none.win32_1.15.0.201708311556/tools/compiler/bin/../lib/gcc/arm-none-eabi/6.3.1/../../../../arm-none-eabi/lib/thumb/v7e-m/fpv4-sp/hard\libc_nano.a(lib_a-mlock.o)
                0x0800b82e                __malloc_unlock
 .text._malloc_usable_size_r
                0x0800b830       0x12 c:/ac6/systemworkbench/plugins/fr.ac6.mcu.externaltools.arm-none.win32_1.15.0.201708311556/tools/compiler/bin/../lib/gcc/arm-none-eabi/6.3.1/../../../../arm-none-eabi/lib/thumb/v7e-m/fpv4-sp/hard\libc_nano.a(lib_a-nano-msizer.o)
                0x0800b830                _malloc_usable_size_r
 *fill*         0x0800b842        0x2 
 .text._sbrk    0x0800b844       0x1c c:/ac6/systemworkbench/plugins/fr.ac6.mcu.externaltools.arm-none.win32_1.15.0.201708311556/tools/compiler/bin/../lib/gcc/arm-none-eabi/6.3.1/../../../../arm-none-eabi/lib/thumb/v7e-m/fpv4-sp/hard\libnosys.a(sbrk.o)
                0x0800b844                _sbrk
 *(.glue_7)
 .glue_7        0x0800b860        0x0 linker stubs
 *(.glue_7t)
 .glue_7t       0x0800b860        0x0 linker stubs
 *(.eh_frame)
 .eh_frame      0x0800b860        0x0 c:/ac6/systemworkbench/plugins/fr.ac6.mcu.externaltools.arm-none.win32_1.15.0.201708311556/tools/compiler/bin/../lib/gcc/arm-none-eabi/6.3.1/thumb/v7e-m/fpv4-sp/hard/crtbegin.o
 *(.init)
 .init          0x0800b860        0x4 c:/ac6/systemworkbench/plugins/fr.ac6.mcu.externaltools.arm-none.win32_1.15.0.201708311556/tools/compiler/bin/../lib/gcc/arm-none-eabi/6.3.1/thumb/v7e-m/fpv4-sp/hard/crti.o
                0x0800b860                _init
 .init          0x0800b864        0x8 c:/ac6/systemworkbench/plugins/fr.ac6.mcu.externaltools.arm-none.win32_1.15.0.201708311556/tools/compiler/bin/../lib/gcc/arm-none-eabi/6.3.1/thumb/v7e-m/fpv4-sp/hard/crtn.o
 *(.fini)
 .fini          0x0800b86c        0x4 c:/ac6/systemworkbench/plugins/fr.ac6.mcu.externaltools.arm-none.win32_1.15.0.201708311556/tools/compiler/bin/../lib/gcc/arm-none-eabi/6.3.1/thumb/v7e-m/fpv4-sp/hard/crti.o
                0x0800b86c                _fini
 .fini          0x0800b870        0x8 c:/ac6/systemworkbench/plugins/fr.ac6.mcu.externaltools.arm-none.win32_1.15.0.201708311556/tools/compiler/bin/../lib/gcc/arm-none-eabi/6.3.1/thumb/v7e-m/fpv4-sp/hard/crtn.o
                0x0800b878                . = ALIGN (0x4)
                0x0800b878                _etext = .

.vfp11_veneer   0x0800b878        0x0
 .vfp11_veneer  0x0800b878        0x0 linker stubs

.v4_bx          0x0800b878        0x0
 .v4_bx         0x0800b878        0x0 linker stubs

.iplt           0x0800b878        0x0
 .iplt          0x0800b878        0x0 c:/ac6/systemworkbench/plugins/fr.ac6.mcu.externaltools.arm-none.win32_1.15.0.201708311556/tools/compiler/bin/../lib/gcc/arm-none-eabi/6.3.1/thumb/v7e-m/fpv4-sp/hard/crtbegin.o

.rodata         0x0800b878     0x1328
                0x0800b878                . = ALIGN (0x4)
 *(.rodata)
 .rodata        0x0800b878      0x251 Application/User/main.o
                0x0800b878                TxtRangeValue
                0x0800b87c                TxtBarGraph
 *fill*         0x0800bac9        0x3 
 .rodata        0x0800bacc      0x297 Drivers/BSP/X-NUCLEO-53L0A1/X-NUCLEO-53L0A1.o
 *fill*         0x0800bd63        0x1 
 .rodata        0x0800bd64      0xc49 Drivers/BSP/vl53l0x/vl53l0x_api.o
 *fill*         0x0800c9ad        0x3 
 .rodata        0x0800c9b0      0x1a1 Drivers/BSP/vl53l0x/vl53l0x_api_core.o
 *fill*         0x0800cb51        0x3 
 .rodata        0x0800cb54        0x8 Drivers/STM32F4xx_HAL_Driver/stm32f4xx_hal_dma.o
 .rodata        0x0800cb5c       0x10 Drivers/STM32F4xx_HAL_Driver/stm32f4xx_hal_rcc.o
                0x0800cb5c                APBAHBPrescTable
 *(.rodata*)
 .rodata._svfprintf_r.str1.1
                0x0800cb6c       0x11 c:/ac6/systemworkbench/plugins/fr.ac6.mcu.externaltools.arm-none.win32_1.15.0.201708311556/tools/compiler/bin/../lib/gcc/arm-none-eabi/6.3.1/../../../../arm-none-eabi/lib/thumb/v7e-m/fpv4-sp/hard\libc_nano.a(lib_a-nano-svfprintf.o)
 .rodata._printf_i.str1.1
                0x0800cb7d       0x22 c:/ac6/systemworkbench/plugins/fr.ac6.mcu.externaltools.arm-none.win32_1.15.0.201708311556/tools/compiler/bin/../lib/gcc/arm-none-eabi/6.3.1/../../../../arm-none-eabi/lib/thumb/v7e-m/fpv4-sp/hard\libc_nano.a(lib_a-nano-vfprintf_i.o)
                0x0800cba0                . = ALIGN (0x4)
 *fill*         0x0800cb9f        0x1 

.rel.dyn        0x0800cba0        0x0
 .rel.iplt      0x0800cba0        0x0 c:/ac6/systemworkbench/plugins/fr.ac6.mcu.externaltools.arm-none.win32_1.15.0.201708311556/tools/compiler/bin/../lib/gcc/arm-none-eabi/6.3.1/thumb/v7e-m/fpv4-sp/hard/crtbegin.o

.ARM.extab
 *(.ARM.extab* .gnu.linkonce.armextab.*)

.ARM            0x0800cba0        0x0
                0x0800cba0                __exidx_start = .
 *(.ARM.exidx*)
                0x0800cba0                __exidx_end = .

.preinit_array  0x0800cba0        0x0
                0x0800cba0                PROVIDE (__preinit_array_start, .)
 *(.preinit_array*)
                0x0800cba0                PROVIDE (__preinit_array_end, .)

.init_array     0x0800cba0        0x4
                0x0800cba0                PROVIDE (__init_array_start, .)
 *(SORT(.init_array.*))
 *(.init_array*)
 .init_array    0x0800cba0        0x4 c:/ac6/systemworkbench/plugins/fr.ac6.mcu.externaltools.arm-none.win32_1.15.0.201708311556/tools/compiler/bin/../lib/gcc/arm-none-eabi/6.3.1/thumb/v7e-m/fpv4-sp/hard/crtbegin.o
                0x0800cba4                PROVIDE (__init_array_end, .)

.fini_array     0x0800cba4        0x4
                [!provide]                PROVIDE (__fini_array_start, .)
 *(SORT(.fini_array.*))
 *(.fini_array*)
 .fini_array    0x0800cba4        0x4 c:/ac6/systemworkbench/plugins/fr.ac6.mcu.externaltools.arm-none.win32_1.15.0.201708311556/tools/compiler/bin/../lib/gcc/arm-none-eabi/6.3.1/thumb/v7e-m/fpv4-sp/hard/crtbegin.o
                [!provide]                PROVIDE (__fini_array_end, .)
                0x0800cba8                _sidata = LOADADDR (.data)

.data           0x20000000      0x834 load address 0x0800cba8
                0x20000000                . = ALIGN (0x4)
                0x20000000                _sdata = .
 *(.data)
 .data          0x20000000      0x4f9 Application/User/main.o
                0x20000000                RangingConfigTxt
                0x2000000c                DemoModeTxt
                0x20000014                LeakyFactorFix8
                0x20000018                VL53L0XDevs
                0x200004c8                RangeLow
                0x200004cc                RangeMedium
                0x200004d0                WelcomeMsg
 *fill*         0x200004f9        0x3 
 .data          0x200004fc       0x10 Drivers/BSP/X-NUCLEO-53L0A1/X-NUCLEO-53L0A1.o
 .data          0x2000050c      0x2aa Drivers/BSP/vl53l0x/vl53l0x_api.o
                0x2000050c                DefaultTuningSettings
                0x20000600                InterruptThresholdSettings
 *fill*         0x200007b6        0x2 
 .data          0x200007b8       0x10 Drivers/BSP/vl53l0x/vl53l0x_api_calibration.o
                0x200007b8                refArrayQuadrants
 .data          0x200007c8        0x4 Drivers/BSP/vl53l0x/vl53l0x_platform_log.o
                0x200007c8                _trace_level
 .data          0x200007cc        0x4 Drivers/CMSIS/system_stm32f4xx.o
                0x200007cc                SystemCoreClock
 *(.data*)
 .data._impure_ptr
                0x200007d0        0x4 c:/ac6/systemworkbench/plugins/fr.ac6.mcu.externaltools.arm-none.win32_1.15.0.201708311556/tools/compiler/bin/../lib/gcc/arm-none-eabi/6.3.1/../../../../arm-none-eabi/lib/thumb/v7e-m/fpv4-sp/hard\libc_nano.a(lib_a-impure.o)
                0x200007d0                _impure_ptr
 .data.impure_data
                0x200007d4       0x60 c:/ac6/systemworkbench/plugins/fr.ac6.mcu.externaltools.arm-none.win32_1.15.0.201708311556/tools/compiler/bin/../lib/gcc/arm-none-eabi/6.3.1/../../../../arm-none-eabi/lib/thumb/v7e-m/fpv4-sp/hard\libc_nano.a(lib_a-impure.o)
                0x20000834                . = ALIGN (0x4)
                0x20000834                _edata = .

.jcr            0x20000834        0x0 load address 0x0800d3dc
 .jcr           0x20000834        0x0 c:/ac6/systemworkbench/plugins/fr.ac6.mcu.externaltools.arm-none.win32_1.15.0.201708311556/tools/compiler/bin/../lib/gcc/arm-none-eabi/6.3.1/thumb/v7e-m/fpv4-sp/hard/crtbegin.o

.igot.plt       0x20000834        0x0 load address 0x0800d3dc
 .igot.plt      0x20000834        0x0 c:/ac6/systemworkbench/plugins/fr.ac6.mcu.externaltools.arm-none.win32_1.15.0.201708311556/tools/compiler/bin/../lib/gcc/arm-none-eabi/6.3.1/thumb/v7e-m/fpv4-sp/hard/crtbegin.o
                0x20000834                . = ALIGN (0x4)

.bss            0x20000834      0x2d8 load address 0x0800d3dc
                0x20000834                _sbss = .
                0x20000834                __bss_start__ = _sbss
 *(.bss)
 .bss           0x20000834       0x1c c:/ac6/systemworkbench/plugins/fr.ac6.mcu.externaltools.arm-none.win32_1.15.0.201708311556/tools/compiler/bin/../lib/gcc/arm-none-eabi/6.3.1/thumb/v7e-m/fpv4-sp/hard/crtbegin.o
 .bss           0x20000850        0x4 Application/User/main.o
                0x20000850                nDevPresent
 .bss           0x20000854        0x4 Drivers/BSP/X-NUCLEO-53L0A1/X-NUCLEO-53L0A1.o
 .bss           0x20000858      0x108 Drivers/BSP/X-NUCLEO-53L0A1/uart_trace.o
 .bss           0x20000960        0x8 Drivers/BSP/vl53l0x/vl53l0x_platform_log.o
                0x20000960                _trace_modules
                0x20000964                _trace_functions
 *(.bss*)
 .bss.__malloc_free_list
                0x20000968        0x4 c:/ac6/systemworkbench/plugins/fr.ac6.mcu.externaltools.arm-none.win32_1.15.0.201708311556/tools/compiler/bin/../lib/gcc/arm-none-eabi/6.3.1/../../../../arm-none-eabi/lib/thumb/v7e-m/fpv4-sp/hard\libc_nano.a(lib_a-nano-mallocr.o)
                0x20000968                __malloc_free_list
 .bss.__malloc_sbrk_start
                0x2000096c        0x4 c:/ac6/systemworkbench/plugins/fr.ac6.mcu.externaltools.arm-none.win32_1.15.0.201708311556/tools/compiler/bin/../lib/gcc/arm-none-eabi/6.3.1/../../../../arm-none-eabi/lib/thumb/v7e-m/fpv4-sp/hard\libc_nano.a(lib_a-nano-mallocr.o)
                0x2000096c                __malloc_sbrk_start
 .bss.heap_end.5239
                0x20000970        0x4 c:/ac6/systemworkbench/plugins/fr.ac6.mcu.externaltools.arm-none.win32_1.15.0.201708311556/tools/compiler/bin/../lib/gcc/arm-none-eabi/6.3.1/../../../../arm-none-eabi/lib/thumb/v7e-m/fpv4-sp/hard\libnosys.a(sbrk.o)
 *(COMMON)
 COMMON         0x20000974       0x5c Application/User/main.o
                0x20000974                nDevMask
                0x20000978                htim5
                0x200009b4                RangingMeasurementData
 COMMON         0x200009d0       0x54 Drivers/BSP/X-NUCLEO-53L0A1/X-NUCLEO-53L0A1.o
                0x200009d0                XNUCLEO53L0A1_hi2c
 COMMON         0x20000a24       0xa0 Drivers/BSP/X-NUCLEO-53L0A1/vl53l0a1-x4msp.o
                0x20000a24                hdma_usart2_tx
                0x20000a84                huart2
 COMMON         0x20000ac4       0x40 Drivers/BSP/X-NUCLEO-53L0A1/vl53l0x_platform.o
                0x20000ac4                _I2CBuffer
 COMMON         0x20000b04        0x4 Drivers/STM32F4xx_HAL_Driver/stm32f4xx_hal.o
                0x20000b04                uwTick
 COMMON         0x20000b08        0x4 c:/ac6/systemworkbench/plugins/fr.ac6.mcu.externaltools.arm-none.win32_1.15.0.201708311556/tools/compiler/bin/../lib/gcc/arm-none-eabi/6.3.1/../../../../arm-none-eabi/lib/thumb/v7e-m/fpv4-sp/hard\libc_nano.a(lib_a-reent.o)
                0x20000b08                errno
                0x20000b0c                . = ALIGN (0x4)
                0x20000b0c                _ebss = .
                0x20000b0c                __bss_end__ = _ebss

._user_heap_stack
                0x20000b0c      0x604 load address 0x0800d3dc
                0x20000b10                . = ALIGN (0x8)
 *fill*         0x20000b0c        0x4 
                0x20000b10                PROVIDE (end, .)
                [!provide]                PROVIDE (_end, .)
                0x20000d10                . = (. + _Min_Heap_Size)
 *fill*         0x20000b10      0x200 
                0x20001110                . = (. + _Min_Stack_Size)
 *fill*         0x20000d10      0x400 
                0x20001110                . = ALIGN (0x8)

/DISCARD/
 libc.a(*)
 libm.a(*)
 libgcc.a(*)

.ARM.attributes
                0x00000000       0x30
 *(.ARM.attributes)
 .ARM.attributes
                0x00000000       0x22 c:/ac6/systemworkbench/plugins/fr.ac6.mcu.externaltools.arm-none.win32_1.15.0.201708311556/tools/compiler/bin/../lib/gcc/arm-none-eabi/6.3.1/thumb/v7e-m/fpv4-sp/hard/crti.o
 .ARM.attributes
                0x00000022       0x34 c:/ac6/systemworkbench/plugins/fr.ac6.mcu.externaltools.arm-none.win32_1.15.0.201708311556/tools/compiler/bin/../lib/gcc/arm-none-eabi/6.3.1/thumb/v7e-m/fpv4-sp/hard/crtbegin.o
 .ARM.attributes
                0x00000056       0x21 Application/SW4STM32/startup_stm32f401xe.o
 .ARM.attributes
                0x00000077       0x39 Application/User/main.o
 .ARM.attributes
                0x000000b0       0x39 Application/User/stm32f4xx_hal_msp.o
 .ARM.attributes
                0x000000e9       0x39 Application/User/stm32f4xx_it.o
 .ARM.attributes
                0x00000122       0x39 Drivers/BSP/X-NUCLEO-53L0A1/X-NUCLEO-53L0A1.o
 .ARM.attributes
                0x0000015b       0x39 Drivers/BSP/X-NUCLEO-53L0A1/uart_trace.o
 .ARM.attributes
                0x00000194       0x39 Drivers/BSP/X-NUCLEO-53L0A1/vl53l0a1-x4msp.o
 .ARM.attributes
                0x000001cd       0x39 Drivers/BSP/X-NUCLEO-53L0A1/vl53l0x_platform.o
 .ARM.attributes
                0x00000206       0x39 Drivers/BSP/vl53l0x/vl53l0x_api.o
 .ARM.attributes
                0x0000023f       0x39 Drivers/BSP/vl53l0x/vl53l0x_api_calibration.o
 .ARM.attributes
                0x00000278       0x39 Drivers/BSP/vl53l0x/vl53l0x_api_core.o
 .ARM.attributes
                0x000002b1       0x39 Drivers/BSP/vl53l0x/vl53l0x_platform_log.o
 .ARM.attributes
                0x000002ea       0x39 Drivers/CMSIS/system_stm32f4xx.o
 .ARM.attributes
                0x00000323       0x39 Drivers/STM32F4xx_HAL_Driver/stm32f4xx_hal.o
 .ARM.attributes
                0x0000035c       0x39 Drivers/STM32F4xx_HAL_Driver/stm32f4xx_hal_cortex.o
 .ARM.attributes
                0x00000395       0x39 Drivers/STM32F4xx_HAL_Driver/stm32f4xx_hal_dma.o
 .ARM.attributes
                0x000003ce       0x39 Drivers/STM32F4xx_HAL_Driver/stm32f4xx_hal_gpio.o
 .ARM.attributes
                0x00000407       0x39 Drivers/STM32F4xx_HAL_Driver/stm32f4xx_hal_i2c.o
 .ARM.attributes
                0x00000440       0x39 Drivers/STM32F4xx_HAL_Driver/stm32f4xx_hal_rcc.o
 .ARM.attributes
                0x00000479       0x39 Drivers/STM32F4xx_HAL_Driver/stm32f4xx_hal_tim.o
 .ARM.attributes
                0x000004b2       0x39 Drivers/STM32F4xx_HAL_Driver/stm32f4xx_hal_tim_ex.o
 .ARM.attributes
                0x000004eb       0x39 Drivers/STM32F4xx_HAL_Driver/stm32f4xx_hal_uart.o
 .ARM.attributes
                0x00000524       0x34 c:/ac6/systemworkbench/plugins/fr.ac6.mcu.externaltools.arm-none.win32_1.15.0.201708311556/tools/compiler/bin/../lib/gcc/arm-none-eabi/6.3.1/../../../../arm-none-eabi/lib/thumb/v7e-m/fpv4-sp/hard\libc_nano.a(lib_a-impure.o)
 .ARM.attributes
                0x00000558       0x34 c:/ac6/systemworkbench/plugins/fr.ac6.mcu.externaltools.arm-none.win32_1.15.0.201708311556/tools/compiler/bin/../lib/gcc/arm-none-eabi/6.3.1/../../../../arm-none-eabi/lib/thumb/v7e-m/fpv4-sp/hard\libc_nano.a(lib_a-init.o)
 .ARM.attributes
                0x0000058c       0x34 c:/ac6/systemworkbench/plugins/fr.ac6.mcu.externaltools.arm-none.win32_1.15.0.201708311556/tools/compiler/bin/../lib/gcc/arm-none-eabi/6.3.1/../../../../arm-none-eabi/lib/thumb/v7e-m/fpv4-sp/hard\libc_nano.a(lib_a-memcpy-stub.o)
 .ARM.attributes
                0x000005c0       0x34 c:/ac6/systemworkbench/plugins/fr.ac6.mcu.externaltools.arm-none.win32_1.15.0.201708311556/tools/compiler/bin/../lib/gcc/arm-none-eabi/6.3.1/../../../../arm-none-eabi/lib/thumb/v7e-m/fpv4-sp/hard\libc_nano.a(lib_a-memset.o)
 .ARM.attributes
                0x000005f4       0x34 c:/ac6/systemworkbench/plugins/fr.ac6.mcu.externaltools.arm-none.win32_1.15.0.201708311556/tools/compiler/bin/../lib/gcc/arm-none-eabi/6.3.1/../../../../arm-none-eabi/lib/thumb/v7e-m/fpv4-sp/hard\libc_nano.a(lib_a-sprintf.o)
 .ARM.attributes
                0x00000628       0x34 c:/ac6/systemworkbench/plugins/fr.ac6.mcu.externaltools.arm-none.win32_1.15.0.201708311556/tools/compiler/bin/../lib/gcc/arm-none-eabi/6.3.1/../../../../arm-none-eabi/lib/thumb/v7e-m/fpv4-sp/hard\libc_nano.a(lib_a-strcpy.o)
 .ARM.attributes
                0x0000065c       0x34 c:/ac6/systemworkbench/plugins/fr.ac6.mcu.externaltools.arm-none.win32_1.15.0.201708311556/tools/compiler/bin/../lib/gcc/arm-none-eabi/6.3.1/../../../../arm-none-eabi/lib/thumb/v7e-m/fpv4-sp/hard\libc_nano.a(lib_a-vsnprintf.o)
 .ARM.attributes
                0x00000690       0x34 c:/ac6/systemworkbench/plugins/fr.ac6.mcu.externaltools.arm-none.win32_1.15.0.201708311556/tools/compiler/bin/../lib/gcc/arm-none-eabi/6.3.1/../../../../arm-none-eabi/lib/thumb/v7e-m/fpv4-sp/hard\libc_nano.a(lib_a-nano-svfprintf.o)
 .ARM.attributes
                0x000006c4       0x34 c:/ac6/systemworkbench/plugins/fr.ac6.mcu.externaltools.arm-none.win32_1.15.0.201708311556/tools/compiler/bin/../lib/gcc/arm-none-eabi/6.3.1/../../../../arm-none-eabi/lib/thumb/v7e-m/fpv4-sp/hard\libc_nano.a(lib_a-nano-vfprintf_i.o)
 .ARM.attributes
                0x000006f8       0x20 c:/ac6/systemworkbench/plugins/fr.ac6.mcu.externaltools.arm-none.win32_1.15.0.201708311556/tools/compiler/bin/../lib/gcc/arm-none-eabi/6.3.1/../../../../arm-none-eabi/lib/thumb/v7e-m/fpv4-sp/hard\libc_nano.a(lib_a-memchr.o)
 .ARM.attributes
                0x00000718       0x34 c:/ac6/systemworkbench/plugins/fr.ac6.mcu.externaltools.arm-none.win32_1.15.0.201708311556/tools/compiler/bin/../lib/gcc/arm-none-eabi/6.3.1/../../../../arm-none-eabi/lib/thumb/v7e-m/fpv4-sp/hard\libc_nano.a(lib_a-memmove.o)
 .ARM.attributes
                0x0000074c       0x34 c:/ac6/systemworkbench/plugins/fr.ac6.mcu.externaltools.arm-none.win32_1.15.0.201708311556/tools/compiler/bin/../lib/gcc/arm-none-eabi/6.3.1/../../../../arm-none-eabi/lib/thumb/v7e-m/fpv4-sp/hard\libc_nano.a(lib_a-nano-freer.o)
 .ARM.attributes
                0x00000780       0x34 c:/ac6/systemworkbench/plugins/fr.ac6.mcu.externaltools.arm-none.win32_1.15.0.201708311556/tools/compiler/bin/../lib/gcc/arm-none-eabi/6.3.1/../../../../arm-none-eabi/lib/thumb/v7e-m/fpv4-sp/hard\libc_nano.a(lib_a-nano-mallocr.o)
 .ARM.attributes
                0x000007b4       0x34 c:/ac6/systemworkbench/plugins/fr.ac6.mcu.externaltools.arm-none.win32_1.15.0.201708311556/tools/compiler/bin/../lib/gcc/arm-none-eabi/6.3.1/../../../../arm-none-eabi/lib/thumb/v7e-m/fpv4-sp/hard\libc_nano.a(lib_a-nano-reallocr.o)
 .ARM.attributes
                0x000007e8       0x34 c:/ac6/systemworkbench/plugins/fr.ac6.mcu.externaltools.arm-none.win32_1.15.0.201708311556/tools/compiler/bin/../lib/gcc/arm-none-eabi/6.3.1/../../../../arm-none-eabi/lib/thumb/v7e-m/fpv4-sp/hard\libc_nano.a(lib_a-sbrkr.o)
 .ARM.attributes
                0x0000081c       0x34 c:/ac6/systemworkbench/plugins/fr.ac6.mcu.externaltools.arm-none.win32_1.15.0.201708311556/tools/compiler/bin/../lib/gcc/arm-none-eabi/6.3.1/../../../../arm-none-eabi/lib/thumb/v7e-m/fpv4-sp/hard\libc_nano.a(lib_a-mlock.o)
 .ARM.attributes
                0x00000850       0x34 c:/ac6/systemworkbench/plugins/fr.ac6.mcu.externaltools.arm-none.win32_1.15.0.201708311556/tools/compiler/bin/../lib/gcc/arm-none-eabi/6.3.1/../../../../arm-none-eabi/lib/thumb/v7e-m/fpv4-sp/hard\libc_nano.a(lib_a-nano-msizer.o)
 .ARM.attributes
                0x00000884       0x34 c:/ac6/systemworkbench/plugins/fr.ac6.mcu.externaltools.arm-none.win32_1.15.0.201708311556/tools/compiler/bin/../lib/gcc/arm-none-eabi/6.3.1/../../../../arm-none-eabi/lib/thumb/v7e-m/fpv4-sp/hard\libc_nano.a(lib_a-reent.o)
 .ARM.attributes
                0x000008b8       0x34 c:/ac6/systemworkbench/plugins/fr.ac6.mcu.externaltools.arm-none.win32_1.15.0.201708311556/tools/compiler/bin/../lib/gcc/arm-none-eabi/6.3.1/../../../../arm-none-eabi/lib/thumb/v7e-m/fpv4-sp/hard\libnosys.a(sbrk.o)
 .ARM.attributes
                0x000008ec       0x22 c:/ac6/systemworkbench/plugins/fr.ac6.mcu.externaltools.arm-none.win32_1.15.0.201708311556/tools/compiler/bin/../lib/gcc/arm-none-eabi/6.3.1/thumb/v7e-m/fpv4-sp/hard/crtn.o
OUTPUT(VL53L0X_Ranging_F401.elf elf32-littlearm)

.debug_line     0x00000000    0x12548
 .debug_line    0x00000000      0x105 Application/SW4STM32/startup_stm32f401xe.o
 .debug_line    0x00000105      0xecf Application/User/main.o
 .debug_line    0x00000fd4      0x9b7 Application/User/stm32f4xx_hal_msp.o
 .debug_line    0x0000198b      0x9aa Application/User/stm32f4xx_it.o
 .debug_line    0x00002335      0xc21 Drivers/BSP/X-NUCLEO-53L0A1/X-NUCLEO-53L0A1.o
 .debug_line    0x00002f56      0x9db Drivers/BSP/X-NUCLEO-53L0A1/uart_trace.o
 .debug_line    0x00003931      0xaa7 Drivers/BSP/X-NUCLEO-53L0A1/vl53l0a1-x4msp.o
 .debug_line    0x000043d8      0xbd3 Drivers/BSP/X-NUCLEO-53L0A1/vl53l0x_platform.o
 .debug_line    0x00004fab     0x1778 Drivers/BSP/vl53l0x/vl53l0x_api.o
 .debug_line    0x00006723      0xfa2 Drivers/BSP/vl53l0x/vl53l0x_api_calibration.o
 .debug_line    0x000076c5     0x11bf Drivers/BSP/vl53l0x/vl53l0x_api_core.o
 .debug_line    0x00008884      0x503 Drivers/BSP/vl53l0x/vl53l0x_platform_log.o
 .debug_line    0x00008d87      0x9c2 Drivers/CMSIS/system_stm32f4xx.o
 .debug_line    0x00009749      0xb1d Drivers/STM32F4xx_HAL_Driver/stm32f4xx_hal.o
 .debug_line    0x0000a266      0xc4d Drivers/STM32F4xx_HAL_Driver/stm32f4xx_hal_cortex.o
 .debug_line    0x0000aeb3      0xc4c Drivers/STM32F4xx_HAL_Driver/stm32f4xx_hal_dma.o
 .debug_line    0x0000baff      0xb1c Drivers/STM32F4xx_HAL_Driver/stm32f4xx_hal_gpio.o
 .debug_line    0x0000c61b     0x1980 Drivers/STM32F4xx_HAL_Driver/stm32f4xx_hal_i2c.o
 .debug_line    0x0000df9b      0xc6d Drivers/STM32F4xx_HAL_Driver/stm32f4xx_hal_rcc.o
 .debug_line    0x0000ec08     0x191b Drivers/STM32F4xx_HAL_Driver/stm32f4xx_hal_tim.o
 .debug_line    0x00010523      0xf38 Drivers/STM32F4xx_HAL_Driver/stm32f4xx_hal_tim_ex.o
 .debug_line    0x0001145b     0x10ed Drivers/STM32F4xx_HAL_Driver/stm32f4xx_hal_uart.o

.debug_info     0x00000000    0x21de7
 .debug_info    0x00000000      0x17d Application/SW4STM32/startup_stm32f401xe.o
 .debug_info    0x0000017d     0x249e Application/User/main.o
 .debug_info    0x0000261b     0x117f Application/User/stm32f4xx_hal_msp.o
 .debug_info    0x0000379a      0xd83 Application/User/stm32f4xx_it.o
 .debug_info    0x0000451d     0x1c3d Drivers/BSP/X-NUCLEO-53L0A1/X-NUCLEO-53L0A1.o
 .debug_info    0x0000615a      0xeb3 Drivers/BSP/X-NUCLEO-53L0A1/uart_trace.o
 .debug_info    0x0000700d     0x1681 Drivers/BSP/X-NUCLEO-53L0A1/vl53l0a1-x4msp.o
 .debug_info    0x0000868e     0x191d Drivers/BSP/X-NUCLEO-53L0A1/vl53l0x_platform.o
 .debug_info    0x00009fab     0x4142 Drivers/BSP/vl53l0x/vl53l0x_api.o
 .debug_info    0x0000e0ed     0x2309 Drivers/BSP/vl53l0x/vl53l0x_api_calibration.o
 .debug_info    0x000103f6     0x2928 Drivers/BSP/vl53l0x/vl53l0x_api_core.o
 .debug_info    0x00012d1e      0xa77 Drivers/BSP/vl53l0x/vl53l0x_platform_log.o
 .debug_info    0x00013795      0xd21 Drivers/CMSIS/system_stm32f4xx.o
 .debug_info    0x000144b6      0xff9 Drivers/STM32F4xx_HAL_Driver/stm32f4xx_hal.o
 .debug_info    0x000154af     0x149c Drivers/STM32F4xx_HAL_Driver/stm32f4xx_hal_cortex.o
 .debug_info    0x0001694b     0x1104 Drivers/STM32F4xx_HAL_Driver/stm32f4xx_hal_dma.o
 .debug_info    0x00017a4f      0xf6f Drivers/STM32F4xx_HAL_Driver/stm32f4xx_hal_gpio.o
 .debug_info    0x000189be     0x2858 Drivers/STM32F4xx_HAL_Driver/stm32f4xx_hal_i2c.o
 .debug_info    0x0001b216     0x1379 Drivers/STM32F4xx_HAL_Driver/stm32f4xx_hal_rcc.o
 .debug_info    0x0001c58f     0x29aa Drivers/STM32F4xx_HAL_Driver/stm32f4xx_hal_tim.o
 .debug_info    0x0001ef39     0x1774 Drivers/STM32F4xx_HAL_Driver/stm32f4xx_hal_tim_ex.o
 .debug_info    0x000206ad     0x173a Drivers/STM32F4xx_HAL_Driver/stm32f4xx_hal_uart.o

.debug_abbrev   0x00000000     0x3a40
 .debug_abbrev  0x00000000       0x12 Application/SW4STM32/startup_stm32f401xe.o
 .debug_abbrev  0x00000012      0x368 Application/User/main.o
 .debug_abbrev  0x0000037a      0x23c Application/User/stm32f4xx_hal_msp.o
 .debug_abbrev  0x000005b6      0x1d8 Application/User/stm32f4xx_it.o
 .debug_abbrev  0x0000078e      0x346 Drivers/BSP/X-NUCLEO-53L0A1/X-NUCLEO-53L0A1.o
 .debug_abbrev  0x00000ad4      0x262 Drivers/BSP/X-NUCLEO-53L0A1/uart_trace.o
 .debug_abbrev  0x00000d36      0x2cb Drivers/BSP/X-NUCLEO-53L0A1/vl53l0a1-x4msp.o
 .debug_abbrev  0x00001001      0x26a Drivers/BSP/X-NUCLEO-53L0A1/vl53l0x_platform.o
 .debug_abbrev  0x0000126b      0x2d4 Drivers/BSP/vl53l0x/vl53l0x_api.o
 .debug_abbrev  0x0000153f      0x2e7 Drivers/BSP/vl53l0x/vl53l0x_api_calibration.o
 .debug_abbrev  0x00001826      0x301 Drivers/BSP/vl53l0x/vl53l0x_api_core.o
 .debug_abbrev  0x00001b27      0x23e Drivers/BSP/vl53l0x/vl53l0x_platform_log.o
 .debug_abbrev  0x00001d65      0x216 Drivers/CMSIS/system_stm32f4xx.o
 .debug_abbrev  0x00001f7b      0x301 Drivers/STM32F4xx_HAL_Driver/stm32f4xx_hal.o
 .debug_abbrev  0x0000227c      0x39d Drivers/STM32F4xx_HAL_Driver/stm32f4xx_hal_cortex.o
 .debug_abbrev  0x00002619      0x2b2 Drivers/STM32F4xx_HAL_Driver/stm32f4xx_hal_dma.o
 .debug_abbrev  0x000028cb      0x287 Drivers/STM32F4xx_HAL_Driver/stm32f4xx_hal_gpio.o
 .debug_abbrev  0x00002b52      0x2dc Drivers/STM32F4xx_HAL_Driver/stm32f4xx_hal_i2c.o
 .debug_abbrev  0x00002e2e      0x371 Drivers/STM32F4xx_HAL_Driver/stm32f4xx_hal_rcc.o
 .debug_abbrev  0x0000319f      0x2e6 Drivers/STM32F4xx_HAL_Driver/stm32f4xx_hal_tim.o
 .debug_abbrev  0x00003485      0x2c3 Drivers/STM32F4xx_HAL_Driver/stm32f4xx_hal_tim_ex.o
 .debug_abbrev  0x00003748      0x2f8 Drivers/STM32F4xx_HAL_Driver/stm32f4xx_hal_uart.o

.debug_aranges  0x00000000     0x1388
 .debug_aranges
                0x00000000       0x28 Application/SW4STM32/startup_stm32f401xe.o
 .debug_aranges
                0x00000028       0x98 Application/User/main.o
 .debug_aranges
                0x000000c0       0x28 Application/User/stm32f4xx_hal_msp.o
 .debug_aranges
                0x000000e8       0x20 Application/User/stm32f4xx_it.o
 .debug_aranges
                0x00000108       0x80 Drivers/BSP/X-NUCLEO-53L0A1/X-NUCLEO-53L0A1.o
 .debug_aranges
                0x00000188       0x30 Drivers/BSP/X-NUCLEO-53L0A1/uart_trace.o
 .debug_aranges
                0x000001b8       0x78 Drivers/BSP/X-NUCLEO-53L0A1/vl53l0a1-x4msp.o
 .debug_aranges
                0x00000230       0x78 Drivers/BSP/X-NUCLEO-53L0A1/vl53l0x_platform.o
 .debug_aranges
                0x000002a8      0x330 Drivers/BSP/vl53l0x/vl53l0x_api.o
 .debug_aranges
                0x000005d8       0xd0 Drivers/BSP/vl53l0x/vl53l0x_api_calibration.o
 .debug_aranges
                0x000006a8       0xe0 Drivers/BSP/vl53l0x/vl53l0x_api_core.o
 .debug_aranges
                0x00000788       0x28 Drivers/BSP/vl53l0x/vl53l0x_platform_log.o
 .debug_aranges
                0x000007b0       0x28 Drivers/CMSIS/system_stm32f4xx.o
 .debug_aranges
                0x000007d8       0xc0 Drivers/STM32F4xx_HAL_Driver/stm32f4xx_hal.o
 .debug_aranges
                0x00000898      0x108 Drivers/STM32F4xx_HAL_Driver/stm32f4xx_hal_cortex.o
 .debug_aranges
                0x000009a0       0x90 Drivers/STM32F4xx_HAL_Driver/stm32f4xx_hal_dma.o
 .debug_aranges
                0x00000a30       0x58 Drivers/STM32F4xx_HAL_Driver/stm32f4xx_hal_gpio.o
 .debug_aranges
                0x00000a88      0x268 Drivers/STM32F4xx_HAL_Driver/stm32f4xx_hal_i2c.o
 .debug_aranges
                0x00000cf0       0x88 Drivers/STM32F4xx_HAL_Driver/stm32f4xx_hal_rcc.o
 .debug_aranges
                0x00000d78      0x368 Drivers/STM32F4xx_HAL_Driver/stm32f4xx_hal_tim.o
 .debug_aranges
                0x000010e0      0x140 Drivers/STM32F4xx_HAL_Driver/stm32f4xx_hal_tim_ex.o
 .debug_aranges
                0x00001220      0x168 Drivers/STM32F4xx_HAL_Driver/stm32f4xx_hal_uart.o

.debug_ranges   0x00000000     0x1230
 .debug_ranges  0x00000000       0x20 Application/SW4STM32/startup_stm32f401xe.o
 .debug_ranges  0x00000020       0x88 Application/User/main.o
 .debug_ranges  0x000000a8       0x18 Application/User/stm32f4xx_hal_msp.o
 .debug_ranges  0x000000c0       0x10 Application/User/stm32f4xx_it.o
 .debug_ranges  0x000000d0       0x70 Drivers/BSP/X-NUCLEO-53L0A1/X-NUCLEO-53L0A1.o
 .debug_ranges  0x00000140       0x20 Drivers/BSP/X-NUCLEO-53L0A1/uart_trace.o
 .debug_ranges  0x00000160       0x68 Drivers/BSP/X-NUCLEO-53L0A1/vl53l0a1-x4msp.o
 .debug_ranges  0x000001c8       0x68 Drivers/BSP/X-NUCLEO-53L0A1/vl53l0x_platform.o
 .debug_ranges  0x00000230      0x320 Drivers/BSP/vl53l0x/vl53l0x_api.o
 .debug_ranges  0x00000550       0xc0 Drivers/BSP/vl53l0x/vl53l0x_api_calibration.o
 .debug_ranges  0x00000610       0xd0 Drivers/BSP/vl53l0x/vl53l0x_api_core.o
 .debug_ranges  0x000006e0       0x18 Drivers/BSP/vl53l0x/vl53l0x_platform_log.o
 .debug_ranges  0x000006f8       0x18 Drivers/CMSIS/system_stm32f4xx.o
 .debug_ranges  0x00000710       0xb0 Drivers/STM32F4xx_HAL_Driver/stm32f4xx_hal.o
 .debug_ranges  0x000007c0       0xf8 Drivers/STM32F4xx_HAL_Driver/stm32f4xx_hal_cortex.o
 .debug_ranges  0x000008b8       0x80 Drivers/STM32F4xx_HAL_Driver/stm32f4xx_hal_dma.o
 .debug_ranges  0x00000938       0x48 Drivers/STM32F4xx_HAL_Driver/stm32f4xx_hal_gpio.o
 .debug_ranges  0x00000980      0x258 Drivers/STM32F4xx_HAL_Driver/stm32f4xx_hal_i2c.o
 .debug_ranges  0x00000bd8       0x78 Drivers/STM32F4xx_HAL_Driver/stm32f4xx_hal_rcc.o
 .debug_ranges  0x00000c50      0x358 Drivers/STM32F4xx_HAL_Driver/stm32f4xx_hal_tim.o
 .debug_ranges  0x00000fa8      0x130 Drivers/STM32F4xx_HAL_Driver/stm32f4xx_hal_tim_ex.o
 .debug_ranges  0x000010d8      0x158 Drivers/STM32F4xx_HAL_Driver/stm32f4xx_hal_uart.o

.debug_macro    0x00000000    0x13162
 .debug_macro   0x00000000      0x46d Application/User/main.o
 .debug_macro   0x0000046d      0x8d4 Application/User/main.o
 .debug_macro   0x00000d41       0x5e Application/User/main.o
 .debug_macro   0x00000d9f      0x1b6 Application/User/main.o
 .debug_macro   0x00000f55       0x31 Application/User/main.o
 .debug_macro   0x00000f86       0x28 Application/User/main.o
 .debug_macro   0x00000fae       0x22 Application/User/main.o
 .debug_macro   0x00000fd0       0x87 Application/User/main.o
 .debug_macro   0x00001057       0x51 Application/User/main.o
 .debug_macro   0x000010a8       0xef Application/User/main.o
 .debug_macro   0x00001197       0x6a Application/User/main.o
 .debug_macro   0x00001201      0x1df Application/User/main.o
 .debug_macro   0x000013e0       0x35 Application/User/main.o
 .debug_macro   0x00001415       0x50 Application/User/main.o
 .debug_macro   0x00001465      0xe66 Application/User/main.o
 .debug_macro   0x000022cb     0x5099 Application/User/main.o
 .debug_macro   0x00007364       0x43 Application/User/main.o
 .debug_macro   0x000073a7     0x347f Application/User/main.o
 .debug_macro   0x0000a826       0x58 Application/User/main.o
 .debug_macro   0x0000a87e       0x35 Application/User/main.o
 .debug_macro   0x0000a8b3       0x9c Application/User/main.o
 .debug_macro   0x0000a94f       0x16 Application/User/main.o
 .debug_macro   0x0000a965       0x97 Application/User/main.o
 .debug_macro   0x0000a9fc      0x330 Application/User/main.o
 .debug_macro   0x0000ad2c       0xfd Application/User/main.o
 .debug_macro   0x0000ae29       0x10 Application/User/main.o
 .debug_macro   0x0000ae39       0x58 Application/User/main.o
 .debug_macro   0x0000ae91       0x1f Application/User/main.o
 .debug_macro   0x0000aeb0       0x43 Application/User/main.o
 .debug_macro   0x0000aef3       0x20 Application/User/main.o
 .debug_macro   0x0000af13      0x187 Application/User/main.o
 .debug_macro   0x0000b09a       0x10 Application/User/main.o
 .debug_macro   0x0000b0aa       0x1c Application/User/main.o
 .debug_macro   0x0000b0c6       0x52 Application/User/main.o
 .debug_macro   0x0000b118       0x40 Application/User/main.o
 .debug_macro   0x0000b158       0x10 Application/User/main.o
 .debug_macro   0x0000b168       0x40 Application/User/main.o
 .debug_macro   0x0000b1a8       0xd7 Application/User/main.o
 .debug_macro   0x0000b27f       0x16 Application/User/main.o
 .debug_macro   0x0000b295      0x18b Application/User/main.o
 .debug_macro   0x0000b420       0x50 Application/User/main.o
 .debug_macro   0x0000b470      0x424 Application/User/main.o
 .debug_macro   0x0000b894      0x9e1 Application/User/main.o
 .debug_macro   0x0000c275      0x11e Application/User/main.o
 .debug_macro   0x0000c393       0xf8 Application/User/main.o
 .debug_macro   0x0000c48b       0x27 Application/User/main.o
 .debug_macro   0x0000c4b2      0x287 Application/User/main.o
 .debug_macro   0x0000c739       0x5f Application/User/main.o
 .debug_macro   0x0000c798      0x23a Application/User/main.o
 .debug_macro   0x0000c9d2      0x13a Application/User/main.o
 .debug_macro   0x0000cb0c      0x264 Application/User/main.o
 .debug_macro   0x0000cd70       0x2e Application/User/main.o
 .debug_macro   0x0000cd9e      0x1a7 Application/User/main.o
 .debug_macro   0x0000cf45       0x22 Application/User/main.o
 .debug_macro   0x0000cf67       0xa5 Application/User/main.o
 .debug_macro   0x0000d00c      0x11e Application/User/main.o
 .debug_macro   0x0000d12a       0x85 Application/User/main.o
 .debug_macro   0x0000d1af       0x89 Application/User/main.o
 .debug_macro   0x0000d238      0x6d9 Application/User/main.o
 .debug_macro   0x0000d911       0x5b Application/User/main.o
 .debug_macro   0x0000d96c      0x14d Application/User/main.o
 .debug_macro   0x0000dab9      0x287 Application/User/main.o
 .debug_macro   0x0000dd40      0x11e Application/User/main.o
 .debug_macro   0x0000de5e       0x10 Application/User/main.o
 .debug_macro   0x0000de6e       0x16 Application/User/main.o
 .debug_macro   0x0000de84       0x35 Application/User/main.o
 .debug_macro   0x0000deb9       0xbf Application/User/main.o
 .debug_macro   0x0000df78       0x76 Application/User/main.o
 .debug_macro   0x0000dfee      0x29c Application/User/main.o
 .debug_macro   0x0000e28a      0x203 Application/User/main.o
 .debug_macro   0x0000e48d       0x4c Application/User/main.o
 .debug_macro   0x0000e4d9       0x2e Application/User/main.o
 .debug_macro   0x0000e507       0x1d Application/User/main.o
 .debug_macro   0x0000e524      0x1d2 Application/User/main.o
 .debug_macro   0x0000e6f6       0x2b Application/User/main.o
 .debug_macro   0x0000e721      0x118 Application/User/main.o
 .debug_macro   0x0000e839      0x332 Application/User/stm32f4xx_hal_msp.o
 .debug_macro   0x0000eb6b      0x33c Application/User/stm32f4xx_it.o
 .debug_macro   0x0000eea7      0x412 Drivers/BSP/X-NUCLEO-53L0A1/X-NUCLEO-53L0A1.o
 .debug_macro   0x0000f2b9       0x52 Drivers/BSP/X-NUCLEO-53L0A1/X-NUCLEO-53L0A1.o
 .debug_macro   0x0000f30b       0x8d Drivers/BSP/X-NUCLEO-53L0A1/X-NUCLEO-53L0A1.o
 .debug_macro   0x0000f398      0x174 Drivers/BSP/X-NUCLEO-53L0A1/X-NUCLEO-53L0A1.o
 .debug_macro   0x0000f50c       0x57 Drivers/BSP/X-NUCLEO-53L0A1/X-NUCLEO-53L0A1.o
 .debug_macro   0x0000f563       0x10 Drivers/BSP/X-NUCLEO-53L0A1/X-NUCLEO-53L0A1.o
 .debug_macro   0x0000f573       0x1c Drivers/BSP/X-NUCLEO-53L0A1/X-NUCLEO-53L0A1.o
 .debug_macro   0x0000f58f       0xb9 Drivers/BSP/X-NUCLEO-53L0A1/X-NUCLEO-53L0A1.o
 .debug_macro   0x0000f648      0x353 Drivers/BSP/X-NUCLEO-53L0A1/uart_trace.o
 .debug_macro   0x0000f99b      0x371 Drivers/BSP/X-NUCLEO-53L0A1/vl53l0a1-x4msp.o
 .debug_macro   0x0000fd0c      0x3fc Drivers/BSP/X-NUCLEO-53L0A1/vl53l0x_platform.o
 .debug_macro   0x00010108       0x3b Drivers/BSP/X-NUCLEO-53L0A1/vl53l0x_platform.o
 .debug_macro   0x00010143      0x44e Drivers/BSP/vl53l0x/vl53l0x_api.o
 .debug_macro   0x00010591       0x16 Drivers/BSP/vl53l0x/vl53l0x_api.o
 .debug_macro   0x000105a7       0x16 Drivers/BSP/vl53l0x/vl53l0x_api.o
 .debug_macro   0x000105bd       0x29 Drivers/BSP/vl53l0x/vl53l0x_api.o
 .debug_macro   0x000105e6      0x446 Drivers/BSP/vl53l0x/vl53l0x_api_calibration.o
 .debug_macro   0x00010a2c      0x434 Drivers/BSP/vl53l0x/vl53l0x_api_core.o
 .debug_macro   0x00010e60      0x20f Drivers/BSP/vl53l0x/vl53l0x_platform_log.o
 .debug_macro   0x0001106f      0x338 Drivers/CMSIS/system_stm32f4xx.o
 .debug_macro   0x000113a7      0x380 Drivers/STM32F4xx_HAL_Driver/stm32f4xx_hal.o
 .debug_macro   0x00011727      0x332 Drivers/STM32F4xx_HAL_Driver/stm32f4xx_hal_cortex.o
 .debug_macro   0x00011a59      0x339 Drivers/STM32F4xx_HAL_Driver/stm32f4xx_hal_dma.o
 .debug_macro   0x00011d92      0x36a Drivers/STM32F4xx_HAL_Driver/stm32f4xx_hal_gpio.o
 .debug_macro   0x000120fc      0x372 Drivers/STM32F4xx_HAL_Driver/stm32f4xx_hal_i2c.o
 .debug_macro   0x0001246e      0x35c Drivers/STM32F4xx_HAL_Driver/stm32f4xx_hal_rcc.o
 .debug_macro   0x000127ca      0x333 Drivers/STM32F4xx_HAL_Driver/stm32f4xx_hal_tim.o
 .debug_macro   0x00012afd      0x332 Drivers/STM32F4xx_HAL_Driver/stm32f4xx_hal_tim_ex.o
 .debug_macro   0x00012e2f      0x333 Drivers/STM32F4xx_HAL_Driver/stm32f4xx_hal_uart.o

.debug_str      0x00000000    0x64850
 .debug_str     0x00000000    0x5da0d Application/User/main.o
                              0x5dff9 (size before relaxing)
 .debug_str     0x0005da0d      0x439 Application/User/stm32f4xx_hal_msp.o
                              0x58d02 (size before relaxing)
 .debug_str     0x0005de46       0xc5 Application/User/stm32f4xx_it.o
                              0x5885e (size before relaxing)
 .debug_str     0x0005df0b      0x3c9 Drivers/BSP/X-NUCLEO-53L0A1/X-NUCLEO-53L0A1.o
                              0x59803 (size before relaxing)
 .debug_str     0x0005e2d4       0xca Drivers/BSP/X-NUCLEO-53L0A1/uart_trace.o
                              0x589c4 (size before relaxing)
 .debug_str     0x0005e39e      0x18e Drivers/BSP/X-NUCLEO-53L0A1/vl53l0a1-x4msp.o
                              0x59573 (size before relaxing)
 .debug_str     0x0005e52c      0x212 Drivers/BSP/X-NUCLEO-53L0A1/vl53l0x_platform.o
                              0x5cd32 (size before relaxing)
 .debug_str     0x0005e73e     0x172e Drivers/BSP/vl53l0x/vl53l0x_api.o
                              0x5e504 (size before relaxing)
 .debug_str     0x0005fe6c      0x804 Drivers/BSP/vl53l0x/vl53l0x_api_calibration.o
                              0x5d767 (size before relaxing)
 .debug_str     0x00060670      0xdb9 Drivers/BSP/vl53l0x/vl53l0x_api_core.o
                              0x5ddd2 (size before relaxing)
 .debug_str     0x00061429      0x101 Drivers/BSP/vl53l0x/vl53l0x_platform_log.o
                               0xa3e7 (size before relaxing)
 .debug_str     0x0006152a      0x145 Drivers/CMSIS/system_stm32f4xx.o
                              0x585da (size before relaxing)
 .debug_str     0x0006166f      0x50f Drivers/STM32F4xx_HAL_Driver/stm32f4xx_hal.o
                              0x58e01 (size before relaxing)
 .debug_str     0x00061b7e      0x384 Drivers/STM32F4xx_HAL_Driver/stm32f4xx_hal_cortex.o
                              0x58ca3 (size before relaxing)
 .debug_str     0x00061f02      0x377 Drivers/STM32F4xx_HAL_Driver/stm32f4xx_hal_dma.o
                              0x589b0 (size before relaxing)
 .debug_str     0x00062279      0x278 Drivers/STM32F4xx_HAL_Driver/stm32f4xx_hal_gpio.o
                              0x58841 (size before relaxing)
 .debug_str     0x000624f1      0xac8 Drivers/STM32F4xx_HAL_Driver/stm32f4xx_hal_i2c.o
                              0x593aa (size before relaxing)
 .debug_str     0x00062fb9      0x2be Drivers/STM32F4xx_HAL_Driver/stm32f4xx_hal_rcc.o
                              0x589a8 (size before relaxing)
 .debug_str     0x00063277      0xcbc Drivers/STM32F4xx_HAL_Driver/stm32f4xx_hal_tim.o
                              0x59570 (size before relaxing)
 .debug_str     0x00063f33      0x52f Drivers/STM32F4xx_HAL_Driver/stm32f4xx_hal_tim_ex.o
                              0x58e23 (size before relaxing)
 .debug_str     0x00064462      0x3ee Drivers/STM32F4xx_HAL_Driver/stm32f4xx_hal_uart.o
                              0x58c5b (size before relaxing)

.comment        0x00000000       0x7f
 .comment       0x00000000       0x7f Application/User/main.o
                                 0x80 (size before relaxing)
 .comment       0x0000007f       0x80 Application/User/stm32f4xx_hal_msp.o
 .comment       0x0000007f       0x80 Application/User/stm32f4xx_it.o
 .comment       0x0000007f       0x80 Drivers/BSP/X-NUCLEO-53L0A1/X-NUCLEO-53L0A1.o
 .comment       0x0000007f       0x80 Drivers/BSP/X-NUCLEO-53L0A1/uart_trace.o
 .comment       0x0000007f       0x80 Drivers/BSP/X-NUCLEO-53L0A1/vl53l0a1-x4msp.o
 .comment       0x0000007f       0x80 Drivers/BSP/X-NUCLEO-53L0A1/vl53l0x_platform.o
 .comment       0x0000007f       0x80 Drivers/BSP/vl53l0x/vl53l0x_api.o
 .comment       0x0000007f       0x80 Drivers/BSP/vl53l0x/vl53l0x_api_calibration.o
 .comment       0x0000007f       0x80 Drivers/BSP/vl53l0x/vl53l0x_api_core.o
 .comment       0x0000007f       0x80 Drivers/BSP/vl53l0x/vl53l0x_platform_log.o
 .comment       0x0000007f       0x80 Drivers/CMSIS/system_stm32f4xx.o
 .comment       0x0000007f       0x80 Drivers/STM32F4xx_HAL_Driver/stm32f4xx_hal.o
 .comment       0x0000007f       0x80 Drivers/STM32F4xx_HAL_Driver/stm32f4xx_hal_cortex.o
 .comment       0x0000007f       0x80 Drivers/STM32F4xx_HAL_Driver/stm32f4xx_hal_dma.o
 .comment       0x0000007f       0x80 Drivers/STM32F4xx_HAL_Driver/stm32f4xx_hal_gpio.o
 .comment       0x0000007f       0x80 Drivers/STM32F4xx_HAL_Driver/stm32f4xx_hal_i2c.o
 .comment       0x0000007f       0x80 Drivers/STM32F4xx_HAL_Driver/stm32f4xx_hal_rcc.o
 .comment       0x0000007f       0x80 Drivers/STM32F4xx_HAL_Driver/stm32f4xx_hal_tim.o
 .comment       0x0000007f       0x80 Drivers/STM32F4xx_HAL_Driver/stm32f4xx_hal_tim_ex.o
 .comment       0x0000007f       0x80 Drivers/STM32F4xx_HAL_Driver/stm32f4xx_hal_uart.o

.debug_frame    0x00000000     0x57b8
 .debug_frame   0x00000000      0x244 Application/User/main.o
 .debug_frame   0x00000244       0x54 Application/User/stm32f4xx_hal_msp.o
 .debug_frame   0x00000298       0x2c Application/User/stm32f4xx_it.o
 .debug_frame   0x000002c4      0x1ec Drivers/BSP/X-NUCLEO-53L0A1/X-NUCLEO-53L0A1.o
 .debug_frame   0x000004b0       0x98 Drivers/BSP/X-NUCLEO-53L0A1/uart_trace.o
 .debug_frame   0x00000548      0x194 Drivers/BSP/X-NUCLEO-53L0A1/vl53l0a1-x4msp.o
 .debug_frame   0x000006dc      0x1c0 Drivers/BSP/X-NUCLEO-53L0A1/vl53l0x_platform.o
 .debug_frame   0x0000089c      0xf98 Drivers/BSP/vl53l0x/vl53l0x_api.o
 .debug_frame   0x00001834      0x378 Drivers/BSP/vl53l0x/vl53l0x_api_calibration.o
 .debug_frame   0x00001bac      0x3e8 Drivers/BSP/vl53l0x/vl53l0x_api_core.o
 .debug_frame   0x00001f94       0x6c Drivers/BSP/vl53l0x/vl53l0x_platform_log.o
 .debug_frame   0x00002000       0x58 Drivers/CMSIS/system_stm32f4xx.o
 .debug_frame   0x00002058      0x2c0 Drivers/STM32F4xx_HAL_Driver/stm32f4xx_hal.o
 .debug_frame   0x00002318      0x450 Drivers/STM32F4xx_HAL_Driver/stm32f4xx_hal_cortex.o
 .debug_frame   0x00002768      0x250 Drivers/STM32F4xx_HAL_Driver/stm32f4xx_hal_dma.o
 .debug_frame   0x000029b8      0x14c Drivers/STM32F4xx_HAL_Driver/stm32f4xx_hal_gpio.o
 .debug_frame   0x00002b04      0xb30 Drivers/STM32F4xx_HAL_Driver/stm32f4xx_hal_i2c.o
 .debug_frame   0x00003634      0x200 Drivers/STM32F4xx_HAL_Driver/stm32f4xx_hal_rcc.o
 .debug_frame   0x00003834      0xfb4 Drivers/STM32F4xx_HAL_Driver/stm32f4xx_hal_tim.o
 .debug_frame   0x000047e8      0x574 Drivers/STM32F4xx_HAL_Driver/stm32f4xx_hal_tim_ex.o
 .debug_frame   0x00004d5c      0x65c Drivers/STM32F4xx_HAL_Driver/stm32f4xx_hal_uart.o
 .debug_frame   0x000053b8       0x2c c:/ac6/systemworkbench/plugins/fr.ac6.mcu.externaltools.arm-none.win32_1.15.0.201708311556/tools/compiler/bin/../lib/gcc/arm-none-eabi/6.3.1/../../../../arm-none-eabi/lib/thumb/v7e-m/fpv4-sp/hard\libc_nano.a(lib_a-init.o)
 .debug_frame   0x000053e4       0x28 c:/ac6/systemworkbench/plugins/fr.ac6.mcu.externaltools.arm-none.win32_1.15.0.201708311556/tools/compiler/bin/../lib/gcc/arm-none-eabi/6.3.1/../../../../arm-none-eabi/lib/thumb/v7e-m/fpv4-sp/hard\libc_nano.a(lib_a-memcpy-stub.o)
 .debug_frame   0x0000540c       0x20 c:/ac6/systemworkbench/plugins/fr.ac6.mcu.externaltools.arm-none.win32_1.15.0.201708311556/tools/compiler/bin/../lib/gcc/arm-none-eabi/6.3.1/../../../../arm-none-eabi/lib/thumb/v7e-m/fpv4-sp/hard\libc_nano.a(lib_a-memset.o)
 .debug_frame   0x0000542c       0x70 c:/ac6/systemworkbench/plugins/fr.ac6.mcu.externaltools.arm-none.win32_1.15.0.201708311556/tools/compiler/bin/../lib/gcc/arm-none-eabi/6.3.1/../../../../arm-none-eabi/lib/thumb/v7e-m/fpv4-sp/hard\libc_nano.a(lib_a-sprintf.o)
 .debug_frame   0x0000549c       0x20 c:/ac6/systemworkbench/plugins/fr.ac6.mcu.externaltools.arm-none.win32_1.15.0.201708311556/tools/compiler/bin/../lib/gcc/arm-none-eabi/6.3.1/../../../../arm-none-eabi/lib/thumb/v7e-m/fpv4-sp/hard\libc_nano.a(lib_a-strcpy.o)
 .debug_frame   0x000054bc       0x4c c:/ac6/systemworkbench/plugins/fr.ac6.mcu.externaltools.arm-none.win32_1.15.0.201708311556/tools/compiler/bin/../lib/gcc/arm-none-eabi/6.3.1/../../../../arm-none-eabi/lib/thumb/v7e-m/fpv4-sp/hard\libc_nano.a(lib_a-vsnprintf.o)
 .debug_frame   0x00005508       0x90 c:/ac6/systemworkbench/plugins/fr.ac6.mcu.externaltools.arm-none.win32_1.15.0.201708311556/tools/compiler/bin/../lib/gcc/arm-none-eabi/6.3.1/../../../../arm-none-eabi/lib/thumb/v7e-m/fpv4-sp/hard\libc_nano.a(lib_a-nano-svfprintf.o)